   1               		.file	"FNR.c"
   2               	__SREG__ = 0x3f
   3               	__SP_H__ = 0x3e
   4               	__SP_L__ = 0x3d
   5               	__CCP__  = 0x34
   6               	__tmp_reg__ = 0
   7               	__zero_reg__ = 1
  10               		.text
  11               	.Ltext0:
  30               	.global	setFNR
  32               	setFNR:
  33               		.stabd	46,0,0
   1:Components/FNR/FNR.c **** //FNR controller functions
   2:Components/FNR/FNR.c **** 
   3:Components/FNR/FNR.c **** //set the FNR controller, inputs are either -1, 0, or 1.
   4:Components/FNR/FNR.c **** char setFNR(char FNR) {
  35               	.LM0:
  36               	.LFBB1:
  37 0000 DF93      		push r29
  38 0002 CF93      		push r28
  39 0004 0F92      		push __tmp_reg__
  40 0006 CDB7      		in r28,__SP_L__
  41 0008 DEB7      		in r29,__SP_H__
  42               	/* prologue: function */
  43               	/* frame size = 1 */
  44 000a 8983      		std Y+1,r24
   5:Components/FNR/FNR.c ****    //dummy function, nothing happens
   6:Components/FNR/FNR.c ****    //return success
   7:Components/FNR/FNR.c ****    return 1;
  46               	.LM1:
  47 000c 81E0      		ldi r24,lo8(1)
  48               	/* epilogue start */
   8:Components/FNR/FNR.c **** }
  50               	.LM2:
  51 000e 0F90      		pop __tmp_reg__
  52 0010 CF91      		pop r28
  53 0012 DF91      		pop r29
  54 0014 0895      		ret
  56               	.Lscope1:
  58               		.stabd	78,0,0
  61               	.global	getFNR
  63               	getFNR:
  64               		.stabd	46,0,0
   9:Components/FNR/FNR.c **** 
  10:Components/FNR/FNR.c **** //get the current FNR state. Function follows same format for consistancy
  11:Components/FNR/FNR.c **** char getFNR(char *sensorResponse) {
  66               	.LM3:
  67               	.LFBB2:
  68 0016 DF93      		push r29
  69 0018 CF93      		push r28
  70 001a 0F92      		push __tmp_reg__
  71 001c 0F92      		push __tmp_reg__
  72 001e CDB7      		in r28,__SP_L__
  73 0020 DEB7      		in r29,__SP_H__
  74               	/* prologue: function */
  75               	/* frame size = 2 */
  76 0022 9A83      		std Y+2,r25
  77 0024 8983      		std Y+1,r24
  12:Components/FNR/FNR.c ****    //fake reading
  13:Components/FNR/FNR.c ****    *sensorResponse = 0;
  79               	.LM4:
  80 0026 E981      		ldd r30,Y+1
  81 0028 FA81      		ldd r31,Y+2
  82 002a 1082      		st Z,__zero_reg__
  14:Components/FNR/FNR.c ****    //return success
  15:Components/FNR/FNR.c ****    return 1;
  84               	.LM5:
  85 002c 81E0      		ldi r24,lo8(1)
  86               	/* epilogue start */
  16:Components/FNR/FNR.c **** }
  88               	.LM6:
  89 002e 0F90      		pop __tmp_reg__
  90 0030 0F90      		pop __tmp_reg__
  91 0032 CF91      		pop r28
  92 0034 DF91      		pop r29
  93 0036 0895      		ret
  95               	.Lscope2:
  97               		.stabd	78,0,0
  99               	.Letext0:
DEFINED SYMBOLS
                            *ABS*:00000000 FNR.c
     /tmp/ccO71HNT.s:2      *ABS*:0000003f __SREG__
     /tmp/ccO71HNT.s:3      *ABS*:0000003e __SP_H__
     /tmp/ccO71HNT.s:4      *ABS*:0000003d __SP_L__
     /tmp/ccO71HNT.s:5      *ABS*:00000034 __CCP__
     /tmp/ccO71HNT.s:6      *ABS*:00000000 __tmp_reg__
     /tmp/ccO71HNT.s:7      *ABS*:00000001 __zero_reg__
     /tmp/ccO71HNT.s:32     .text:00000000 setFNR
     /tmp/ccO71HNT.s:63     .text:00000016 getFNR

NO UNDEFINED SYMBOLS
