Archive member included because of file (symbol)

/usr/lib/gcc/avr/4.3.5/avr6/libgcc.a(_udivmodsi4.o)
                              usart.o (__udivmodsi4)
/usr/lib/gcc/avr/4.3.5/avr6/libgcc.a(_exit.o)
                              /usr/lib/gcc/avr/4.3.5/../../../avr/lib/avr6/crtm2560.o (exit)
/usr/lib/gcc/avr/4.3.5/avr6/libgcc.a(_clear_bss.o)
                              main.o (__do_clear_bss)
/usr/lib/gcc/avr/4.3.5/../../../avr/lib/avr6/libc.a(memcpy.o)
                              ../../FreeRTOS/Source/queue.o (memcpy)
/usr/lib/gcc/avr/4.3.5/../../../avr/lib/avr6/libc.a(memset.o)
                              main.o (memset)
/usr/lib/gcc/avr/4.3.5/../../../avr/lib/avr6/libc.a(strncpy.o)
                              ../../FreeRTOS/Source/tasks.o (strncpy)
/usr/lib/gcc/avr/4.3.5/../../../avr/lib/avr6/libc.a(itoa.o)
                              main.o (itoa)
/usr/lib/gcc/avr/4.3.5/../../../avr/lib/avr6/libc.a(strrev.o)
                              /usr/lib/gcc/avr/4.3.5/../../../avr/lib/avr6/libc.a(itoa.o) (strrev)
/usr/lib/gcc/avr/4.3.5/avr6/libgcc.a(_udivmodhi4.o)
                              /usr/lib/gcc/avr/4.3.5/../../../avr/lib/avr6/libc.a(itoa.o) (__udivmodhi4)

Allocating common symbols
Common symbol       size              file

USART_ReadQueue     0x2               usart.o
sonarTime           0x2               main.o
USART_WriteQueueLog
                    0x2               usart.o
sonarData           0x6               Components/Sonar/Sonar.o
sonarSemaphore      0x2               Components/Sonar/Sonar.o
sonarDataMutex      0xc               Components/Sonar/Sonar.o
USART_WriteQueue    0x2               usart.o
currSonar           0x1               Components/Sonar/Sonar.o

Memory Configuration

Name             Origin             Length             Attributes
text             0x00000000         0x00100000         xr
data             0x00800200         0x0000fe00         rw !x
eeprom           0x00810000         0x00010000         rw !x
fuse             0x00820000         0x00000400         rw !x
lock             0x00830000         0x00000400         rw !x
signature        0x00840000         0x00000400         rw !x
*default*        0x00000000         0xffffffff

Linker script and memory map

Address of section .data set to 0x800200
LOAD /usr/lib/gcc/avr/4.3.5/../../../avr/lib/avr6/crtm2560.o
LOAD main.o
LOAD ../../FreeRTOS/Source/tasks.o
LOAD ../../FreeRTOS/Source/queue.o
LOAD ../../FreeRTOS/Source/list.o
LOAD ../../FreeRTOS/Source/croutine.o
LOAD ../../FreeRTOS/Source/heap_1.o
LOAD ../../FreeRTOS/Source/port.o
LOAD usart.o
LOAD protocol.o
LOAD Components/Battery/Battery.o
LOAD Components/Brake/Brake.o
LOAD Components/Error/Error.o
LOAD Components/FNR/FNR.o
LOAD Components/Lights/Lights.o
LOAD Components/Sonar/Sonar.o
LOAD Components/Speed/Speed.o
LOAD Components/Steering/Steering.o
LOAD /usr/lib/gcc/avr/4.3.5/../../../avr/lib/avr6/libm.a
LOAD /usr/lib/gcc/avr/4.3.5/avr6/libgcc.a
LOAD /usr/lib/gcc/avr/4.3.5/../../../avr/lib/avr6/libc.a
LOAD /usr/lib/gcc/avr/4.3.5/avr6/libgcc.a

.hash
 *(.hash)

.dynsym
 *(.dynsym)

.dynstr
 *(.dynstr)

.gnu.version
 *(.gnu.version)

.gnu.version_d
 *(.gnu.version_d)

.gnu.version_r
 *(.gnu.version_r)

.rel.init
 *(.rel.init)

.rela.init
 *(.rela.init)

.rel.text
 *(.rel.text)
 *(.rel.text.*)
 *(.rel.gnu.linkonce.t*)

.rela.text
 *(.rela.text)
 *(.rela.text.*)
 *(.rela.gnu.linkonce.t*)

.rel.fini
 *(.rel.fini)

.rela.fini
 *(.rela.fini)

.rel.rodata
 *(.rel.rodata)
 *(.rel.rodata.*)
 *(.rel.gnu.linkonce.r*)

.rela.rodata
 *(.rela.rodata)
 *(.rela.rodata.*)
 *(.rela.gnu.linkonce.r*)

.rel.data
 *(.rel.data)
 *(.rel.data.*)
 *(.rel.gnu.linkonce.d*)

.rela.data
 *(.rela.data)
 *(.rela.data.*)
 *(.rela.gnu.linkonce.d*)

.rel.ctors
 *(.rel.ctors)

.rela.ctors
 *(.rela.ctors)

.rel.dtors
 *(.rel.dtors)

.rela.dtors
 *(.rela.dtors)

.rel.got
 *(.rel.got)

.rela.got
 *(.rela.got)

.rel.bss
 *(.rel.bss)

.rela.bss
 *(.rela.bss)

.rel.plt
 *(.rel.plt)

.rela.plt
 *(.rela.plt)

.text           0x00000000     0x40a6
 *(.vectors)
 .vectors       0x00000000       0xe4 /usr/lib/gcc/avr/4.3.5/../../../avr/lib/avr6/crtm2560.o
                0x00000000                __vectors
                0x00000000                __vector_default
 *(.vectors)
 *(.progmem.gcc*)
 *(.progmem*)
                0x000000e4                . = ALIGN (0x2)
                0x000000e4                __trampolines_start = .
 *(.trampolines)
 .trampolines   0x000000e4        0x0 linker stubs
 *(.trampolines*)
                0x000000e4                __trampolines_end = .
 *(.jumptables)
 *(.jumptables*)
 *(.lowtext)
 *(.lowtext*)
                0x000000e4                __ctors_start = .
 *(.ctors)
                0x000000e4                __ctors_end = .
                0x000000e4                __dtors_start = .
 *(.dtors)
                0x000000e4                __dtors_end = .
 SORT(*)(.ctors)
 SORT(*)(.dtors)
 *(.init0)
 .init0         0x000000e4        0x0 /usr/lib/gcc/avr/4.3.5/../../../avr/lib/avr6/crtm2560.o
                0x000000e4                __init
 *(.init0)
 *(.init1)
 *(.init1)
 *(.init2)
 .init2         0x000000e4       0x10 /usr/lib/gcc/avr/4.3.5/../../../avr/lib/avr6/crtm2560.o
 *(.init2)
 *(.init3)
 *(.init3)
 *(.init4)
 .init4         0x000000f4       0x1a /usr/lib/gcc/avr/4.3.5/../../../avr/lib/avr6/crtm2560.o
                0x000000f4                __do_copy_data
 .init4         0x0000010e       0x10 /usr/lib/gcc/avr/4.3.5/avr6/libgcc.a(_clear_bss.o)
                0x0000010e                __do_clear_bss
 *(.init4)
 *(.init5)
 *(.init5)
 *(.init6)
 *(.init6)
 *(.init7)
 *(.init7)
 *(.init8)
 *(.init8)
 *(.init9)
 .init9         0x0000011e        0x8 /usr/lib/gcc/avr/4.3.5/../../../avr/lib/avr6/crtm2560.o
 *(.init9)
 *(.text)
 .text          0x00000126        0x4 /usr/lib/gcc/avr/4.3.5/../../../avr/lib/avr6/crtm2560.o
                0x00000126                __vector_38
                0x00000126                __vector_22
                0x00000126                __vector_28
                0x00000126                __vector_1
                0x00000126                __vector_34
                0x00000126                __vector_24
                0x00000126                __vector_12
                0x00000126                __vector_55
                0x00000126                __vector_46
                0x00000126                __bad_interrupt
                0x00000126                __vector_6
                0x00000126                __vector_31
                0x00000126                __vector_35
                0x00000126                __vector_39
                0x00000126                __vector_3
                0x00000126                __vector_23
                0x00000126                __vector_30
                0x00000126                __vector_45
                0x00000126                __vector_25
                0x00000126                __vector_54
                0x00000126                __vector_13
                0x00000126                __vector_17
                0x00000126                __vector_19
                0x00000126                __vector_56
                0x00000126                __vector_7
                0x00000126                __vector_49
                0x00000126                __vector_41
                0x00000126                __vector_43
                0x00000126                __vector_27
                0x00000126                __vector_5
                0x00000126                __vector_33
                0x00000126                __vector_47
                0x00000126                __vector_52
                0x00000126                __vector_37
                0x00000126                __vector_4
                0x00000126                __vector_44
                0x00000126                __vector_51
                0x00000126                __vector_9
                0x00000126                __vector_2
                0x00000126                __vector_21
                0x00000126                __vector_15
                0x00000126                __vector_36
                0x00000126                __vector_29
                0x00000126                __vector_40
                0x00000126                __vector_8
                0x00000126                __vector_26
                0x00000126                __vector_48
                0x00000126                __vector_14
                0x00000126                __vector_53
                0x00000126                __vector_10
                0x00000126                __vector_16
                0x00000126                __vector_18
                0x00000126                __vector_20
                0x00000126                __vector_42
 .text          0x0000012a      0x362 main.o
                0x0000012a                vApplicationTickHook
                0x0000014a                vApplicationStackOverflowHook
                0x00000158                main
                0x0000027a                printHex
                0x00000366                printNum
                0x000003dc                __vector_50
                0x00000436                getTimerCount2
                0x0000044e                vTaskFunction_1
                0x00000470                vIO_init
 .text          0x0000048c     0x125a ../../FreeRTOS/Source/tasks.o
                0x0000048c                xTaskGenericCreate
                0x00000666                vTaskDelayUntil
                0x0000074e                vTaskDelay
                0x000007b8                vTaskSuspend
                0x00000884                xTaskIsTaskSuspended
                0x000008e2                vTaskResume
                0x000009aa                xTaskResumeFromISR
                0x00000a76                vTaskStartScheduler
                0x00000ae4                vTaskEndScheduler
                0x00000afc                vTaskSuspendAll
                0x00000b14                xTaskResumeAll
                0x00000c28                xTaskGetTickCount
                0x00000c58                xTaskGetTickCountFromISR
                0x00000c80                uxTaskGetNumberOfTasks
                0x00000c92                vTaskIncrementTick
                0x00000e3a                vTaskSwitchContext
                0x00000f40                vTaskPlaceOnEventList
                0x00000fd0                xTaskRemoveFromEventList
                0x000010a0                vTaskSetTimeOutState
                0x000010d4                xTaskCheckForTimeOut
                0x000011a2                vTaskMissedYield
                0x00001490                uxTaskGetStackHighWaterMark
                0x000014f8                xTaskGetCurrentTaskHandle
                0x0000151e                vTaskPriorityInherit
                0x00001628                vTaskPriorityDisinherit
 .text          0x000016e6      0xa64 ../../FreeRTOS/Source/queue.o
                0x000016e6                xQueueGenericReset
                0x000017e2                xQueueGenericCreate
                0x0000189c                xQueueCreateMutex
                0x00001936                xQueueGenericSend
                0x00001a72                xQueueGenericSendFromISR
                0x00001b14                xQueueGenericReceive
                0x00001cce                xQueueReceiveFromISR
                0x00001d74                uxQueueMessagesWaiting
                0x00001da2                uxQueueMessagesWaitingFromISR
                0x00001dc6                vQueueDelete
                0x000020b0                xQueueIsQueueEmptyFromISR
                0x00002118                xQueueIsQueueFullFromISR
 .text          0x0000214a      0x27e ../../FreeRTOS/Source/list.o
                0x0000214a                vListInitialise
                0x000021a0                vListInitialiseItem
                0x000021c2                vListInsertEnd
                0x00002258                vListInsert
                0x00002330                uxListRemove
 .text          0x000023c8      0x5b2 ../../FreeRTOS/Source/croutine.o
                0x000023c8                xCoRoutineCreate
                0x000024f0                vCoRoutineAddToDelayedList
                0x000027a2                vCoRoutineSchedule
                0x0000290a                xCoRoutineRemoveFromEventList
 .text          0x0000297a       0xda ../../FreeRTOS/Source/heap_1.o
                0x0000297a                pvPortMalloc
                0x00002a06                vPortFree
                0x00002a20                vPortInitialiseBlocks
                0x00002a36                xPortGetFreeHeapSize
 .text          0x00002a54      0x5fa ../../FreeRTOS/Source/port.o
                0x00002a54                pxPortInitialiseStack
                0x00002d8a                xPortStartScheduler
                0x00002dfc                vPortEndScheduler
                0x00002e0a                vPortYield
                0x00002ecc                vPortYieldFromTick
                0x00003048                __vector_32
 .text          0x0000304e      0x5c2 usart.o
                0x0000304e                USART_Init
                0x00003130                USART_Write
                0x0000315e                USART_Write_Unprotected
                0x0000318c                USART_Read
                0x000031aa                ISR
                0x000031d0                USART_AddToQueue
                0x000031fe                USART_TransmitString
                0x00003238                vTaskUSARTWrite
                0x0000327c                USART_LogChar
                0x000032aa                USART_LogString
                0x000032e4                vTaskUSARTLog
                0x00003328                vTaskUSARTRead
                0x000034b8                sendResponse
                0x00003562                sendACK
                0x00003576                sendNACK
                0x0000358a                waitForChecksum
                0x000035b6                calcChecksum
 .text          0x00003610      0x422 protocol.o
                0x00003610                commandIntegCheck
                0x0000362c                processUltrasonicCommand
                0x000036c2                processSpeedCommand
                0x00003730                processSteeringCommand
                0x0000383a                processFNRCommand
                0x000038a6                processBrakeCommand
                0x00003912                processBatteryCommand
                0x00003976                processLightCommand
                0x000039ba                processCommand
 .text          0x00003a32       0x44 Components/Battery/Battery.o
                0x00003a32                getBatteryVoltage
                0x00003a54                getSteeringVoltage
 .text          0x00003a76       0x38 Components/Brake/Brake.o
                0x00003a76                setBrake
                0x00003a8c                getBrake
 .text          0x00003aae        0x0 Components/Error/Error.o
 .text          0x00003aae       0x38 Components/FNR/FNR.o
                0x00003aae                setFNR
                0x00003ac4                getFNR
 .text          0x00003ae6       0x16 Components/Lights/Lights.o
                0x00003ae6                setLight
 .text          0x00003afc      0x3ce Components/Sonar/Sonar.o
                0x00003afc                setSonarData
                0x00003b26                getSonarData
                0x00003b44                getTimerCount
                0x00003b58                __vector_11
                0x00003c2a                initializeSonarSensors
                0x00003c6e                vTaskSonar
                0x00003d16                getAllSensors
                0x00003d80                getCertainSensor
                0x00003ddc                getSensorGroup
 .text          0x00003eca       0x38 Components/Speed/Speed.o
                0x00003eca                getSpeed
                0x00003eec                setSpeed
 .text          0x00003f02       0x94 Components/Steering/Steering.o
                0x00003f02                setAngle
                0x00003f18                getAngle
                0x00003f3a                getDesiredAngle
                0x00003f5c                changePID
                0x00003f7a                setLimits
 .text          0x00003f96        0x0 /usr/lib/gcc/avr/4.3.5/avr6/libgcc.a(_udivmodsi4.o)
 .text          0x00003f96        0x0 /usr/lib/gcc/avr/4.3.5/avr6/libgcc.a(_exit.o)
 .text          0x00003f96        0x0 /usr/lib/gcc/avr/4.3.5/avr6/libgcc.a(_clear_bss.o)
 .text          0x00003f96        0x0 /usr/lib/gcc/avr/4.3.5/../../../avr/lib/avr6/libc.a(memcpy.o)
 .text          0x00003f96        0x0 /usr/lib/gcc/avr/4.3.5/../../../avr/lib/avr6/libc.a(memset.o)
 .text          0x00003f96        0x0 /usr/lib/gcc/avr/4.3.5/../../../avr/lib/avr6/libc.a(strncpy.o)
 .text          0x00003f96        0x0 /usr/lib/gcc/avr/4.3.5/../../../avr/lib/avr6/libc.a(itoa.o)
 .text          0x00003f96        0x0 /usr/lib/gcc/avr/4.3.5/../../../avr/lib/avr6/libc.a(strrev.o)
 .text          0x00003f96        0x0 /usr/lib/gcc/avr/4.3.5/avr6/libgcc.a(_udivmodhi4.o)
                0x00003f96                . = ALIGN (0x2)
 *(.text.*)
 .text.libgcc   0x00003f96       0x44 /usr/lib/gcc/avr/4.3.5/avr6/libgcc.a(_udivmodsi4.o)
                0x00003f96                __udivmodsi4
 .text.libgcc   0x00003fda        0x0 /usr/lib/gcc/avr/4.3.5/avr6/libgcc.a(_exit.o)
 .text.libgcc   0x00003fda        0x0 /usr/lib/gcc/avr/4.3.5/avr6/libgcc.a(_clear_bss.o)
 .text.avr-libc
                0x00003fda       0x12 /usr/lib/gcc/avr/4.3.5/../../../avr/lib/avr6/libc.a(memcpy.o)
                0x00003fda                memcpy
 .text.avr-libc
                0x00003fec        0xe /usr/lib/gcc/avr/4.3.5/../../../avr/lib/avr6/libc.a(memset.o)
                0x00003fec                memset
 .text.avr-libc
                0x00003ffa       0x1e /usr/lib/gcc/avr/4.3.5/../../../avr/lib/avr6/libc.a(strncpy.o)
                0x00003ffa                strncpy
 .text.avr-libc
                0x00004018       0x42 /usr/lib/gcc/avr/4.3.5/../../../avr/lib/avr6/libc.a(itoa.o)
                0x00004018                itoa
 .text.avr-libc
                0x0000405a       0x20 /usr/lib/gcc/avr/4.3.5/../../../avr/lib/avr6/libc.a(strrev.o)
                0x0000405a                strrev
 .text.libgcc   0x0000407a       0x28 /usr/lib/gcc/avr/4.3.5/avr6/libgcc.a(_udivmodhi4.o)
                0x0000407a                __udivmodhi4
                0x000040a2                . = ALIGN (0x2)
 *(.fini9)
 .fini9         0x000040a2        0x0 /usr/lib/gcc/avr/4.3.5/avr6/libgcc.a(_exit.o)
                0x000040a2                exit
                0x000040a2                _exit
 *(.fini9)
 *(.fini8)
 *(.fini8)
 *(.fini7)
 *(.fini7)
 *(.fini6)
 *(.fini6)
 *(.fini5)
 *(.fini5)
 *(.fini4)
 *(.fini4)
 *(.fini3)
 *(.fini3)
 *(.fini2)
 *(.fini2)
 *(.fini1)
 *(.fini1)
 *(.fini0)
 .fini0         0x000040a2        0x4 /usr/lib/gcc/avr/4.3.5/avr6/libgcc.a(_exit.o)
 *(.fini0)
                0x000040a6                _etext = .

.data           0x00800200       0x24 load address 0x000040a6
                0x00800200                PROVIDE (__data_start, .)
 *(.data)
 .data          0x00800200        0x0 /usr/lib/gcc/avr/4.3.5/../../../avr/lib/avr6/crtm2560.o
 .data          0x00800200       0x1c main.o
 .data          0x0080021c        0x7 ../../FreeRTOS/Source/tasks.o
 .data          0x00800223        0x0 ../../FreeRTOS/Source/queue.o
 .data          0x00800223        0x0 ../../FreeRTOS/Source/list.o
 .data          0x00800223        0x0 ../../FreeRTOS/Source/croutine.o
 .data          0x00800223        0x0 ../../FreeRTOS/Source/heap_1.o
 .data          0x00800223        0x0 ../../FreeRTOS/Source/port.o
 .data          0x00800223        0x0 usart.o
 .data          0x00800223        0x0 protocol.o
 .data          0x00800223        0x0 Components/Battery/Battery.o
 .data          0x00800223        0x0 Components/Brake/Brake.o
 .data          0x00800223        0x0 Components/Error/Error.o
 .data          0x00800223        0x0 Components/FNR/FNR.o
 .data          0x00800223        0x0 Components/Lights/Lights.o
 .data          0x00800223        0x0 Components/Sonar/Sonar.o
 .data          0x00800223        0x0 Components/Speed/Speed.o
 .data          0x00800223        0x0 Components/Steering/Steering.o
 .data          0x00800223        0x0 /usr/lib/gcc/avr/4.3.5/avr6/libgcc.a(_udivmodsi4.o)
 .data          0x00800223        0x0 /usr/lib/gcc/avr/4.3.5/avr6/libgcc.a(_exit.o)
 .data          0x00800223        0x0 /usr/lib/gcc/avr/4.3.5/avr6/libgcc.a(_clear_bss.o)
 .data          0x00800223        0x0 /usr/lib/gcc/avr/4.3.5/../../../avr/lib/avr6/libc.a(memcpy.o)
 .data          0x00800223        0x0 /usr/lib/gcc/avr/4.3.5/../../../avr/lib/avr6/libc.a(memset.o)
 .data          0x00800223        0x0 /usr/lib/gcc/avr/4.3.5/../../../avr/lib/avr6/libc.a(strncpy.o)
 .data          0x00800223        0x0 /usr/lib/gcc/avr/4.3.5/../../../avr/lib/avr6/libc.a(itoa.o)
 .data          0x00800223        0x0 /usr/lib/gcc/avr/4.3.5/../../../avr/lib/avr6/libc.a(strrev.o)
 .data          0x00800223        0x0 /usr/lib/gcc/avr/4.3.5/avr6/libgcc.a(_udivmodhi4.o)
 *(.data*)
 *(.rodata)
 *(.rodata*)
 *(.gnu.linkonce.d*)
                0x00800224                . = ALIGN (0x2)
 *fill*         0x00800223        0x1 00
                0x00800224                _edata = .
                0x00800224                PROVIDE (__data_end, .)

.bss            0x00800224     0x18b5
                0x00800224                PROVIDE (__bss_start, .)
 *(.bss)
 .bss           0x00800224        0x0 /usr/lib/gcc/avr/4.3.5/../../../avr/lib/avr6/crtm2560.o
 .bss           0x00800224        0x2 main.o
                0x00800224                count
 .bss           0x00800226       0x59 ../../FreeRTOS/Source/tasks.o
                0x00800226                pxCurrentTCB
 .bss           0x0080027f        0x0 ../../FreeRTOS/Source/queue.o
 .bss           0x0080027f        0x0 ../../FreeRTOS/Source/list.o
 .bss           0x0080027f       0x3a ../../FreeRTOS/Source/croutine.o
                0x0080027f                pxCurrentCoRoutine
 .bss           0x008002b9     0x1802 ../../FreeRTOS/Source/heap_1.o
 .bss           0x00801abb        0x0 ../../FreeRTOS/Source/port.o
 .bss           0x00801abb        0x0 usart.o
 .bss           0x00801abb        0x0 protocol.o
 .bss           0x00801abb        0x0 Components/Battery/Battery.o
 .bss           0x00801abb        0x0 Components/Brake/Brake.o
 .bss           0x00801abb        0x0 Components/Error/Error.o
 .bss           0x00801abb        0x0 Components/FNR/FNR.o
 .bss           0x00801abb        0x0 Components/Lights/Lights.o
 .bss           0x00801abb        0x1 Components/Sonar/Sonar.o
                0x00801abb                lastSonarData
 .bss           0x00801abc        0x0 Components/Speed/Speed.o
 .bss           0x00801abc        0x0 Components/Steering/Steering.o
 .bss           0x00801abc        0x0 /usr/lib/gcc/avr/4.3.5/avr6/libgcc.a(_udivmodsi4.o)
 .bss           0x00801abc        0x0 /usr/lib/gcc/avr/4.3.5/avr6/libgcc.a(_exit.o)
 .bss           0x00801abc        0x0 /usr/lib/gcc/avr/4.3.5/avr6/libgcc.a(_clear_bss.o)
 .bss           0x00801abc        0x0 /usr/lib/gcc/avr/4.3.5/../../../avr/lib/avr6/libc.a(memcpy.o)
 .bss           0x00801abc        0x0 /usr/lib/gcc/avr/4.3.5/../../../avr/lib/avr6/libc.a(memset.o)
 .bss           0x00801abc        0x0 /usr/lib/gcc/avr/4.3.5/../../../avr/lib/avr6/libc.a(strncpy.o)
 .bss           0x00801abc        0x0 /usr/lib/gcc/avr/4.3.5/../../../avr/lib/avr6/libc.a(itoa.o)
 .bss           0x00801abc        0x0 /usr/lib/gcc/avr/4.3.5/../../../avr/lib/avr6/libc.a(strrev.o)
 .bss           0x00801abc        0x0 /usr/lib/gcc/avr/4.3.5/avr6/libgcc.a(_udivmodhi4.o)
 *(.bss*)
 *(COMMON)
 COMMON         0x00801abc        0x2 main.o
                0x00801abc                sonarTime
 COMMON         0x00801abe        0x6 usart.o
                0x00801abe                USART_ReadQueue
                0x00801ac0                USART_WriteQueueLog
                0x00801ac2                USART_WriteQueue
 COMMON         0x00801ac4       0x15 Components/Sonar/Sonar.o
                0x00801ac4                sonarData
                0x00801aca                sonarSemaphore
                0x00801acc                sonarDataMutex
                0x00801ad8                currSonar
                0x00801ad9                PROVIDE (__bss_end, .)
                0x000040a6                __data_load_start = LOADADDR (.data)
                0x000040ca                __data_load_end = (__data_load_start + SIZEOF (.data))

.noinit         0x00801ad9        0x0
                0x00801ad9                PROVIDE (__noinit_start, .)
 *(.noinit*)
                0x00801ad9                PROVIDE (__noinit_end, .)
                0x00801ad9                _end = .
                0x00801ad9                PROVIDE (__heap_start, .)

.eeprom         0x00810000        0x0
 *(.eeprom*)
                0x00810000                __eeprom_end = .

.fuse
 *(.fuse)
 *(.lfuse)
 *(.hfuse)
 *(.efuse)

.lock
 *(.lock*)

.signature
 *(.signature*)

.stab           0x00000000     0x89ac
 *(.stab)
 .stab          0x00000000      0x768 /usr/lib/gcc/avr/4.3.5/../../../avr/lib/avr6/crtm2560.o
 .stab          0x00000768      0xa5c main.o
                                0xa68 (size before relaxing)
 .stab          0x000011c4     0x1d64 ../../FreeRTOS/Source/tasks.o
                               0x20e8 (size before relaxing)
 .stab          0x00002f28     0x1428 ../../FreeRTOS/Source/queue.o
                               0x168c (size before relaxing)
 .stab          0x00004350      0x540 ../../FreeRTOS/Source/list.o
                                0x81c (size before relaxing)
 .stab          0x00004890      0x978 ../../FreeRTOS/Source/croutine.o
                                0xc60 (size before relaxing)
 .stab          0x00005208      0x384 ../../FreeRTOS/Source/heap_1.o
                                0x6d8 (size before relaxing)
 .stab          0x0000558c      0x990 ../../FreeRTOS/Source/port.o
                                0xcd8 (size before relaxing)
 .stab          0x00005f1c      0xcc0 usart.o
                                0xf3c (size before relaxing)
 .stab          0x00006bdc      0x63c protocol.o
                                0x684 (size before relaxing)
 .stab          0x00007218      0x1bc Components/Battery/Battery.o
                                0x1c8 (size before relaxing)
 .stab          0x000073d4      0x1b0 Components/Brake/Brake.o
                                0x1bc (size before relaxing)
 .stab          0x00007584       0xe4 Components/Error/Error.o
                                 0xf0 (size before relaxing)
 .stab          0x00007668      0x1b0 Components/FNR/FNR.o
                                0x1bc (size before relaxing)
 .stab          0x00007818      0x144 Components/Lights/Lights.o
                                0x150 (size before relaxing)
 .stab          0x0000795c      0x75c Components/Sonar/Sonar.o
                                0x9d8 (size before relaxing)
 .stab          0x000080b8      0x1b0 Components/Speed/Speed.o
                                0x1bc (size before relaxing)
 .stab          0x00008268      0x300 Components/Steering/Steering.o
                                0x30c (size before relaxing)
 .stab          0x00008568       0x84 /usr/lib/gcc/avr/4.3.5/../../../avr/lib/avr6/libc.a(memcpy.o)
                                 0x90 (size before relaxing)
 .stab          0x000085ec       0x6c /usr/lib/gcc/avr/4.3.5/../../../avr/lib/avr6/libc.a(memset.o)
                                 0x78 (size before relaxing)
 .stab          0x00008658       0xcc /usr/lib/gcc/avr/4.3.5/../../../avr/lib/avr6/libc.a(strncpy.o)
                                 0xd8 (size before relaxing)
 .stab          0x00008724      0x1b0 /usr/lib/gcc/avr/4.3.5/../../../avr/lib/avr6/libc.a(itoa.o)
                                0x1bc (size before relaxing)
 .stab          0x000088d4       0xd8 /usr/lib/gcc/avr/4.3.5/../../../avr/lib/avr6/libc.a(strrev.o)
                                 0xe4 (size before relaxing)

.stabstr        0x00000000     0x3d66
 *(.stabstr)
 .stabstr       0x00000000     0x3d66 /usr/lib/gcc/avr/4.3.5/../../../avr/lib/avr6/crtm2560.o

.stab.excl
 *(.stab.excl)

.stab.exclstr
 *(.stab.exclstr)

.stab.index
 *(.stab.index)

.stab.indexstr
 *(.stab.indexstr)

.comment
 *(.comment)

.debug
 *(.debug)

.line
 *(.line)

.debug_srcinfo
 *(.debug_srcinfo)

.debug_sfnames
 *(.debug_sfnames)

.debug_aranges
 *(.debug_aranges)

.debug_pubnames
 *(.debug_pubnames)

.debug_info
 *(.debug_info)
 *(.gnu.linkonce.wi.*)

.debug_abbrev
 *(.debug_abbrev)

.debug_line
 *(.debug_line)

.debug_frame
 *(.debug_frame)

.debug_str
 *(.debug_str)

.debug_loc
 *(.debug_loc)

.debug_macinfo
 *(.debug_macinfo)
OUTPUT(rtosdemo.elf elf32-avr)
LOAD linker stubs

Cross Reference Table

Symbol                                            File
ISR                                               usart.o
USART_AddToQueue                                  usart.o
                                                  main.o
USART_Init                                        usart.o
                                                  main.o
USART_LogChar                                     usart.o
USART_LogString                                   usart.o
USART_Read                                        usart.o
USART_ReadQueue                                   usart.o
USART_TransmitString                              usart.o
USART_Write                                       usart.o
                                                  main.o
USART_WriteQueue                                  usart.o
USART_WriteQueueLog                               usart.o
USART_Write_Unprotected                           usart.o
__bad_interrupt                                   /usr/lib/gcc/avr/4.3.5/../../../avr/lib/avr6/crtm2560.o
__bss_end                                         /usr/lib/gcc/avr/4.3.5/avr6/libgcc.a(_clear_bss.o)
__bss_start                                       /usr/lib/gcc/avr/4.3.5/avr6/libgcc.a(_clear_bss.o)
__data_end                                        /usr/lib/gcc/avr/4.3.5/../../../avr/lib/avr6/crtm2560.o
__data_load_start                                 /usr/lib/gcc/avr/4.3.5/../../../avr/lib/avr6/crtm2560.o
__data_start                                      /usr/lib/gcc/avr/4.3.5/../../../avr/lib/avr6/crtm2560.o
__do_clear_bss                                    /usr/lib/gcc/avr/4.3.5/avr6/libgcc.a(_clear_bss.o)
                                                  Components/Sonar/Sonar.o
                                                  usart.o
                                                  ../../FreeRTOS/Source/heap_1.o
                                                  ../../FreeRTOS/Source/croutine.o
                                                  ../../FreeRTOS/Source/tasks.o
                                                  main.o
__do_copy_data                                    /usr/lib/gcc/avr/4.3.5/../../../avr/lib/avr6/crtm2560.o
                                                  ../../FreeRTOS/Source/tasks.o
                                                  main.o
__heap_end                                        /usr/lib/gcc/avr/4.3.5/../../../avr/lib/avr6/crtm2560.o
__init                                            /usr/lib/gcc/avr/4.3.5/../../../avr/lib/avr6/crtm2560.o
__stack                                           /usr/lib/gcc/avr/4.3.5/../../../avr/lib/avr6/crtm2560.o
__udivmodhi4                                      /usr/lib/gcc/avr/4.3.5/avr6/libgcc.a(_udivmodhi4.o)
                                                  /usr/lib/gcc/avr/4.3.5/../../../avr/lib/avr6/libc.a(itoa.o)
__udivmodsi4                                      /usr/lib/gcc/avr/4.3.5/avr6/libgcc.a(_udivmodsi4.o)
                                                  usart.o
__vector_1                                        /usr/lib/gcc/avr/4.3.5/../../../avr/lib/avr6/crtm2560.o
__vector_10                                       /usr/lib/gcc/avr/4.3.5/../../../avr/lib/avr6/crtm2560.o
__vector_11                                       Components/Sonar/Sonar.o
                                                  /usr/lib/gcc/avr/4.3.5/../../../avr/lib/avr6/crtm2560.o
__vector_12                                       /usr/lib/gcc/avr/4.3.5/../../../avr/lib/avr6/crtm2560.o
__vector_13                                       /usr/lib/gcc/avr/4.3.5/../../../avr/lib/avr6/crtm2560.o
__vector_14                                       /usr/lib/gcc/avr/4.3.5/../../../avr/lib/avr6/crtm2560.o
__vector_15                                       /usr/lib/gcc/avr/4.3.5/../../../avr/lib/avr6/crtm2560.o
__vector_16                                       /usr/lib/gcc/avr/4.3.5/../../../avr/lib/avr6/crtm2560.o
__vector_17                                       /usr/lib/gcc/avr/4.3.5/../../../avr/lib/avr6/crtm2560.o
__vector_18                                       /usr/lib/gcc/avr/4.3.5/../../../avr/lib/avr6/crtm2560.o
__vector_19                                       /usr/lib/gcc/avr/4.3.5/../../../avr/lib/avr6/crtm2560.o
__vector_2                                        /usr/lib/gcc/avr/4.3.5/../../../avr/lib/avr6/crtm2560.o
__vector_20                                       /usr/lib/gcc/avr/4.3.5/../../../avr/lib/avr6/crtm2560.o
__vector_21                                       /usr/lib/gcc/avr/4.3.5/../../../avr/lib/avr6/crtm2560.o
__vector_22                                       /usr/lib/gcc/avr/4.3.5/../../../avr/lib/avr6/crtm2560.o
__vector_23                                       /usr/lib/gcc/avr/4.3.5/../../../avr/lib/avr6/crtm2560.o
__vector_24                                       /usr/lib/gcc/avr/4.3.5/../../../avr/lib/avr6/crtm2560.o
__vector_25                                       /usr/lib/gcc/avr/4.3.5/../../../avr/lib/avr6/crtm2560.o
__vector_26                                       /usr/lib/gcc/avr/4.3.5/../../../avr/lib/avr6/crtm2560.o
__vector_27                                       /usr/lib/gcc/avr/4.3.5/../../../avr/lib/avr6/crtm2560.o
__vector_28                                       /usr/lib/gcc/avr/4.3.5/../../../avr/lib/avr6/crtm2560.o
__vector_29                                       /usr/lib/gcc/avr/4.3.5/../../../avr/lib/avr6/crtm2560.o
__vector_3                                        /usr/lib/gcc/avr/4.3.5/../../../avr/lib/avr6/crtm2560.o
__vector_30                                       /usr/lib/gcc/avr/4.3.5/../../../avr/lib/avr6/crtm2560.o
__vector_31                                       /usr/lib/gcc/avr/4.3.5/../../../avr/lib/avr6/crtm2560.o
__vector_32                                       ../../FreeRTOS/Source/port.o
                                                  /usr/lib/gcc/avr/4.3.5/../../../avr/lib/avr6/crtm2560.o
__vector_33                                       /usr/lib/gcc/avr/4.3.5/../../../avr/lib/avr6/crtm2560.o
__vector_34                                       /usr/lib/gcc/avr/4.3.5/../../../avr/lib/avr6/crtm2560.o
__vector_35                                       /usr/lib/gcc/avr/4.3.5/../../../avr/lib/avr6/crtm2560.o
__vector_36                                       /usr/lib/gcc/avr/4.3.5/../../../avr/lib/avr6/crtm2560.o
__vector_37                                       /usr/lib/gcc/avr/4.3.5/../../../avr/lib/avr6/crtm2560.o
__vector_38                                       /usr/lib/gcc/avr/4.3.5/../../../avr/lib/avr6/crtm2560.o
__vector_39                                       /usr/lib/gcc/avr/4.3.5/../../../avr/lib/avr6/crtm2560.o
__vector_4                                        /usr/lib/gcc/avr/4.3.5/../../../avr/lib/avr6/crtm2560.o
__vector_40                                       /usr/lib/gcc/avr/4.3.5/../../../avr/lib/avr6/crtm2560.o
__vector_41                                       /usr/lib/gcc/avr/4.3.5/../../../avr/lib/avr6/crtm2560.o
__vector_42                                       /usr/lib/gcc/avr/4.3.5/../../../avr/lib/avr6/crtm2560.o
__vector_43                                       /usr/lib/gcc/avr/4.3.5/../../../avr/lib/avr6/crtm2560.o
__vector_44                                       /usr/lib/gcc/avr/4.3.5/../../../avr/lib/avr6/crtm2560.o
__vector_45                                       /usr/lib/gcc/avr/4.3.5/../../../avr/lib/avr6/crtm2560.o
__vector_46                                       /usr/lib/gcc/avr/4.3.5/../../../avr/lib/avr6/crtm2560.o
__vector_47                                       /usr/lib/gcc/avr/4.3.5/../../../avr/lib/avr6/crtm2560.o
__vector_48                                       /usr/lib/gcc/avr/4.3.5/../../../avr/lib/avr6/crtm2560.o
__vector_49                                       /usr/lib/gcc/avr/4.3.5/../../../avr/lib/avr6/crtm2560.o
__vector_5                                        /usr/lib/gcc/avr/4.3.5/../../../avr/lib/avr6/crtm2560.o
__vector_50                                       main.o
                                                  /usr/lib/gcc/avr/4.3.5/../../../avr/lib/avr6/crtm2560.o
__vector_51                                       /usr/lib/gcc/avr/4.3.5/../../../avr/lib/avr6/crtm2560.o
__vector_52                                       /usr/lib/gcc/avr/4.3.5/../../../avr/lib/avr6/crtm2560.o
__vector_53                                       /usr/lib/gcc/avr/4.3.5/../../../avr/lib/avr6/crtm2560.o
__vector_54                                       /usr/lib/gcc/avr/4.3.5/../../../avr/lib/avr6/crtm2560.o
__vector_55                                       /usr/lib/gcc/avr/4.3.5/../../../avr/lib/avr6/crtm2560.o
__vector_56                                       /usr/lib/gcc/avr/4.3.5/../../../avr/lib/avr6/crtm2560.o
__vector_6                                        /usr/lib/gcc/avr/4.3.5/../../../avr/lib/avr6/crtm2560.o
__vector_7                                        /usr/lib/gcc/avr/4.3.5/../../../avr/lib/avr6/crtm2560.o
__vector_8                                        /usr/lib/gcc/avr/4.3.5/../../../avr/lib/avr6/crtm2560.o
__vector_9                                        /usr/lib/gcc/avr/4.3.5/../../../avr/lib/avr6/crtm2560.o
__vector_default                                  /usr/lib/gcc/avr/4.3.5/../../../avr/lib/avr6/crtm2560.o
__vectors                                         /usr/lib/gcc/avr/4.3.5/../../../avr/lib/avr6/crtm2560.o
_exit                                             /usr/lib/gcc/avr/4.3.5/avr6/libgcc.a(_exit.o)
calcChecksum                                      usart.o
changePID                                         Components/Steering/Steering.o
                                                  protocol.o
commandIntegCheck                                 protocol.o
count                                             main.o
currSonar                                         Components/Sonar/Sonar.o
exit                                              /usr/lib/gcc/avr/4.3.5/avr6/libgcc.a(_exit.o)
                                                  /usr/lib/gcc/avr/4.3.5/../../../avr/lib/avr6/crtm2560.o
getAllSensors                                     Components/Sonar/Sonar.o
                                                  protocol.o
getAngle                                          Components/Steering/Steering.o
                                                  protocol.o
getBatteryVoltage                                 Components/Battery/Battery.o
                                                  protocol.o
getBrake                                          Components/Brake/Brake.o
                                                  protocol.o
getCertainSensor                                  Components/Sonar/Sonar.o
                                                  protocol.o
getDesiredAngle                                   Components/Steering/Steering.o
                                                  protocol.o
getFNR                                            Components/FNR/FNR.o
                                                  protocol.o
getSensorGroup                                    Components/Sonar/Sonar.o
                                                  protocol.o
getSonarData                                      Components/Sonar/Sonar.o
getSpeed                                          Components/Speed/Speed.o
                                                  protocol.o
getSteeringVoltage                                Components/Battery/Battery.o
                                                  protocol.o
getTimerCount                                     Components/Sonar/Sonar.o
getTimerCount2                                    main.o
initializeSonarSensors                            Components/Sonar/Sonar.o
itoa                                              /usr/lib/gcc/avr/4.3.5/../../../avr/lib/avr6/libc.a(itoa.o)
                                                  main.o
lastSonarData                                     Components/Sonar/Sonar.o
main                                              main.o
                                                  /usr/lib/gcc/avr/4.3.5/../../../avr/lib/avr6/crtm2560.o
memcpy                                            /usr/lib/gcc/avr/4.3.5/../../../avr/lib/avr6/libc.a(memcpy.o)
                                                  usart.o
                                                  ../../FreeRTOS/Source/queue.o
memset                                            /usr/lib/gcc/avr/4.3.5/../../../avr/lib/avr6/libc.a(memset.o)
                                                  ../../FreeRTOS/Source/tasks.o
                                                  main.o
printHex                                          main.o
printNum                                          main.o
processBatteryCommand                             protocol.o
processBrakeCommand                               protocol.o
processCommand                                    protocol.o
                                                  usart.o
processFNRCommand                                 protocol.o
processLightCommand                               protocol.o
processSpeedCommand                               protocol.o
processSteeringCommand                            protocol.o
processUltrasonicCommand                          protocol.o
pvPortMalloc                                      ../../FreeRTOS/Source/heap_1.o
                                                  ../../FreeRTOS/Source/croutine.o
                                                  ../../FreeRTOS/Source/queue.o
                                                  ../../FreeRTOS/Source/tasks.o
pxCurrentCoRoutine                                ../../FreeRTOS/Source/croutine.o
pxCurrentTCB                                      ../../FreeRTOS/Source/tasks.o
                                                  ../../FreeRTOS/Source/port.o
pxPortInitialiseStack                             ../../FreeRTOS/Source/port.o
                                                  ../../FreeRTOS/Source/tasks.o
sendACK                                           usart.o
sendNACK                                          usart.o
sendResponse                                      usart.o
setAngle                                          Components/Steering/Steering.o
                                                  protocol.o
setBrake                                          Components/Brake/Brake.o
                                                  protocol.o
setFNR                                            Components/FNR/FNR.o
                                                  protocol.o
setLight                                          Components/Lights/Lights.o
                                                  protocol.o
setLimits                                         Components/Steering/Steering.o
                                                  protocol.o
setSonarData                                      Components/Sonar/Sonar.o
setSpeed                                          Components/Speed/Speed.o
                                                  protocol.o
sonarData                                         Components/Sonar/Sonar.o
sonarDataMutex                                    Components/Sonar/Sonar.o
sonarSemaphore                                    Components/Sonar/Sonar.o
sonarTime                                         main.o
strncpy                                           /usr/lib/gcc/avr/4.3.5/../../../avr/lib/avr6/libc.a(strncpy.o)
                                                  ../../FreeRTOS/Source/tasks.o
strrev                                            /usr/lib/gcc/avr/4.3.5/../../../avr/lib/avr6/libc.a(strrev.o)
                                                  /usr/lib/gcc/avr/4.3.5/../../../avr/lib/avr6/libc.a(itoa.o)
uxListRemove                                      ../../FreeRTOS/Source/list.o
                                                  ../../FreeRTOS/Source/croutine.o
                                                  ../../FreeRTOS/Source/tasks.o
uxQueueMessagesWaiting                            ../../FreeRTOS/Source/queue.o
uxQueueMessagesWaitingFromISR                     ../../FreeRTOS/Source/queue.o
uxTaskGetNumberOfTasks                            ../../FreeRTOS/Source/tasks.o
uxTaskGetStackHighWaterMark                       ../../FreeRTOS/Source/tasks.o
vApplicationStackOverflowHook                     main.o
                                                  ../../FreeRTOS/Source/tasks.o
vApplicationTickHook                              main.o
vCoRoutineAddToDelayedList                        ../../FreeRTOS/Source/croutine.o
vCoRoutineSchedule                                ../../FreeRTOS/Source/croutine.o
vIO_init                                          main.o
vListInitialise                                   ../../FreeRTOS/Source/list.o
                                                  ../../FreeRTOS/Source/croutine.o
                                                  ../../FreeRTOS/Source/queue.o
                                                  ../../FreeRTOS/Source/tasks.o
vListInitialiseItem                               ../../FreeRTOS/Source/list.o
                                                  ../../FreeRTOS/Source/croutine.o
                                                  ../../FreeRTOS/Source/tasks.o
vListInsert                                       ../../FreeRTOS/Source/list.o
                                                  ../../FreeRTOS/Source/croutine.o
                                                  ../../FreeRTOS/Source/tasks.o
vListInsertEnd                                    ../../FreeRTOS/Source/list.o
                                                  ../../FreeRTOS/Source/croutine.o
                                                  ../../FreeRTOS/Source/tasks.o
vPortEndScheduler                                 ../../FreeRTOS/Source/port.o
                                                  ../../FreeRTOS/Source/tasks.o
vPortFree                                         ../../FreeRTOS/Source/heap_1.o
                                                  ../../FreeRTOS/Source/queue.o
                                                  ../../FreeRTOS/Source/tasks.o
vPortInitialiseBlocks                             ../../FreeRTOS/Source/heap_1.o
vPortYield                                        ../../FreeRTOS/Source/port.o
                                                  ../../FreeRTOS/Source/queue.o
                                                  ../../FreeRTOS/Source/tasks.o
vPortYieldFromTick                                ../../FreeRTOS/Source/port.o
vQueueDelete                                      ../../FreeRTOS/Source/queue.o
vTaskDelay                                        ../../FreeRTOS/Source/tasks.o
                                                  usart.o
vTaskDelayUntil                                   ../../FreeRTOS/Source/tasks.o
vTaskEndScheduler                                 ../../FreeRTOS/Source/tasks.o
vTaskFunction_1                                   main.o
vTaskIncrementTick                                ../../FreeRTOS/Source/tasks.o
                                                  ../../FreeRTOS/Source/port.o
vTaskMissedYield                                  ../../FreeRTOS/Source/tasks.o
                                                  ../../FreeRTOS/Source/queue.o
vTaskPlaceOnEventList                             ../../FreeRTOS/Source/tasks.o
                                                  ../../FreeRTOS/Source/queue.o
vTaskPriorityDisinherit                           ../../FreeRTOS/Source/tasks.o
                                                  ../../FreeRTOS/Source/queue.o
vTaskPriorityInherit                              ../../FreeRTOS/Source/tasks.o
                                                  ../../FreeRTOS/Source/queue.o
vTaskResume                                       ../../FreeRTOS/Source/tasks.o
vTaskSetTimeOutState                              ../../FreeRTOS/Source/tasks.o
                                                  ../../FreeRTOS/Source/queue.o
vTaskSonar                                        Components/Sonar/Sonar.o
                                                  main.o
vTaskStartScheduler                               ../../FreeRTOS/Source/tasks.o
                                                  main.o
vTaskSuspend                                      ../../FreeRTOS/Source/tasks.o
vTaskSuspendAll                                   ../../FreeRTOS/Source/tasks.o
                                                  ../../FreeRTOS/Source/heap_1.o
                                                  ../../FreeRTOS/Source/queue.o
vTaskSwitchContext                                ../../FreeRTOS/Source/tasks.o
                                                  ../../FreeRTOS/Source/port.o
vTaskUSARTLog                                     usart.o
vTaskUSARTRead                                    usart.o
                                                  main.o
vTaskUSARTWrite                                   usart.o
                                                  main.o
waitForChecksum                                   usart.o
xCoRoutineCreate                                  ../../FreeRTOS/Source/croutine.o
xCoRoutineRemoveFromEventList                     ../../FreeRTOS/Source/croutine.o
xPortGetFreeHeapSize                              ../../FreeRTOS/Source/heap_1.o
xPortStartScheduler                               ../../FreeRTOS/Source/port.o
                                                  ../../FreeRTOS/Source/tasks.o
xQueueCreateMutex                                 ../../FreeRTOS/Source/queue.o
xQueueGenericCreate                               ../../FreeRTOS/Source/queue.o
                                                  Components/Sonar/Sonar.o
                                                  usart.o
xQueueGenericReceive                              ../../FreeRTOS/Source/queue.o
                                                  Components/Sonar/Sonar.o
                                                  usart.o
xQueueGenericReset                                ../../FreeRTOS/Source/queue.o
xQueueGenericSend                                 ../../FreeRTOS/Source/queue.o
                                                  Components/Sonar/Sonar.o
                                                  usart.o
xQueueGenericSendFromISR                          ../../FreeRTOS/Source/queue.o
                                                  Components/Sonar/Sonar.o
xQueueIsQueueEmptyFromISR                         ../../FreeRTOS/Source/queue.o
xQueueIsQueueFullFromISR                          ../../FreeRTOS/Source/queue.o
xQueueReceiveFromISR                              ../../FreeRTOS/Source/queue.o
xTaskCheckForTimeOut                              ../../FreeRTOS/Source/tasks.o
                                                  ../../FreeRTOS/Source/queue.o
xTaskGenericCreate                                ../../FreeRTOS/Source/tasks.o
                                                  main.o
xTaskGetCurrentTaskHandle                         ../../FreeRTOS/Source/tasks.o
                                                  ../../FreeRTOS/Source/queue.o
xTaskGetTickCount                                 ../../FreeRTOS/Source/tasks.o
                                                  ../../FreeRTOS/Source/croutine.o
xTaskGetTickCountFromISR                          ../../FreeRTOS/Source/tasks.o
xTaskIsTaskSuspended                              ../../FreeRTOS/Source/tasks.o
xTaskRemoveFromEventList                          ../../FreeRTOS/Source/tasks.o
                                                  ../../FreeRTOS/Source/queue.o
xTaskResumeAll                                    ../../FreeRTOS/Source/tasks.o
                                                  ../../FreeRTOS/Source/heap_1.o
                                                  ../../FreeRTOS/Source/queue.o
xTaskResumeFromISR                                ../../FreeRTOS/Source/tasks.o
