Archive member included because of file (symbol)

/usr/lib/gcc/avr/4.8.2/avr6/libgcc.a(_udivmodsi4.o)
                              usart.o (__udivmodsi4)
/usr/lib/gcc/avr/4.8.2/avr6/libgcc.a(_exit.o)
                              /usr/lib/gcc/avr/4.8.2/../../../../avr/lib/avr6/crtm2560.o (exit)
/usr/lib/gcc/avr/4.8.2/avr6/libgcc.a(_copy_data.o)
                              main.o (__do_copy_data)
/usr/lib/gcc/avr/4.8.2/avr6/libgcc.a(_clear_bss.o)
                              main.o (__do_clear_bss)
/usr/lib/gcc/avr/4.8.2/../../../../avr/lib/avr6/libc.a(memcpy.o)
                              ../../FreeRTOS/Source/queue.o (memcpy)
/usr/lib/gcc/avr/4.8.2/../../../../avr/lib/avr6/libc.a(memset.o)
                              main.o (memset)
/usr/lib/gcc/avr/4.8.2/../../../../avr/lib/avr6/libc.a(strncpy.o)
                              ../../FreeRTOS/Source/tasks.o (strncpy)
/usr/lib/gcc/avr/4.8.2/../../../../avr/lib/avr6/libc.a(itoa.o)
                              main.o (itoa)
/usr/lib/gcc/avr/4.8.2/../../../../avr/lib/avr6/libc.a(strrev.o)
                              /usr/lib/gcc/avr/4.8.2/../../../../avr/lib/avr6/libc.a(itoa.o) (strrev)
/usr/lib/gcc/avr/4.8.2/avr6/libgcc.a(_udivmodhi4.o)
                              /usr/lib/gcc/avr/4.8.2/../../../../avr/lib/avr6/libc.a(itoa.o) (__udivmodhi4)

Allocating common symbols
Common symbol       size              file

USART_ReadQueue     0x2               usart.o
sonarTime           0x2               main.o
USART_WriteQueueLog
                    0x2               usart.o
sonarData           0x6               Components/Sonar/Sonar.o
sonarSemaphore      0x2               Components/Sonar/Sonar.o
sonarDataMutex      0xc               Components/Sonar/Sonar.o
USART_WriteQueue    0x2               usart.o
currSonar           0x1               Components/Sonar/Sonar.o

Memory Configuration

Name             Origin             Length             Attributes
text             0x0000000000000000 0x0000000000100000 xr
data             0x0000000000800200 0x000000000000fe00 rw !x
eeprom           0x0000000000810000 0x0000000000010000 rw !x
fuse             0x0000000000820000 0x0000000000000400 rw !x
lock             0x0000000000830000 0x0000000000000400 rw !x
signature        0x0000000000840000 0x0000000000000400 rw !x
*default*        0x0000000000000000 0xffffffffffffffff

Linker script and memory map

Address of section .data set to 0x800200
LOAD /usr/lib/gcc/avr/4.8.2/../../../../avr/lib/avr6/crtm2560.o
LOAD main.o
LOAD ../../FreeRTOS/Source/tasks.o
LOAD ../../FreeRTOS/Source/queue.o
LOAD ../../FreeRTOS/Source/list.o
LOAD ../../FreeRTOS/Source/croutine.o
LOAD ../../FreeRTOS/Source/heap_1.o
LOAD ../../FreeRTOS/Source/port.o
LOAD usart.o
LOAD protocol.o
LOAD Components/Battery/Battery.o
LOAD Components/Brake/Brake.o
LOAD Components/Error/Error.o
LOAD Components/FNR/FNR.o
LOAD Components/Lights/Lights.o
LOAD Components/Sonar/Sonar.o
LOAD Components/Speed/Speed.o
LOAD Components/Steering/Steering.o
LOAD /usr/lib/gcc/avr/4.8.2/../../../../avr/lib/avr6/libm.a
START GROUP
LOAD /usr/lib/gcc/avr/4.8.2/avr6/libgcc.a
LOAD /usr/lib/gcc/avr/4.8.2/../../../../avr/lib/avr6/libm.a
LOAD /usr/lib/gcc/avr/4.8.2/../../../../avr/lib/avr6/libc.a
END GROUP

.hash
 *(.hash)

.dynsym
 *(.dynsym)

.dynstr
 *(.dynstr)

.gnu.version
 *(.gnu.version)

.gnu.version_d
 *(.gnu.version_d)

.gnu.version_r
 *(.gnu.version_r)

.rel.init
 *(.rel.init)

.rela.init
 *(.rela.init)

.rel.text
 *(.rel.text)
 *(.rel.text.*)
 *(.rel.gnu.linkonce.t*)

.rela.text
 *(.rela.text)
 *(.rela.text.*)
 *(.rela.gnu.linkonce.t*)

.rel.fini
 *(.rel.fini)

.rela.fini
 *(.rela.fini)

.rel.rodata
 *(.rel.rodata)
 *(.rel.rodata.*)
 *(.rel.gnu.linkonce.r*)

.rela.rodata
 *(.rela.rodata)
 *(.rela.rodata.*)
 *(.rela.gnu.linkonce.r*)

.rel.data
 *(.rel.data)
 *(.rel.data.*)
 *(.rel.gnu.linkonce.d*)

.rela.data
 *(.rela.data)
 *(.rela.data.*)
 *(.rela.gnu.linkonce.d*)

.rel.ctors
 *(.rel.ctors)

.rela.ctors
 *(.rela.ctors)

.rel.dtors
 *(.rel.dtors)

.rela.dtors
 *(.rela.dtors)

.rel.got
 *(.rel.got)

.rela.got
 *(.rela.got)

.rel.bss
 *(.rel.bss)

.rela.bss
 *(.rela.bss)

.rel.plt
 *(.rel.plt)

.rela.plt
 *(.rela.plt)

.text           0x0000000000000000     0x4148
 *(.vectors)
 .vectors       0x0000000000000000       0xe4 /usr/lib/gcc/avr/4.8.2/../../../../avr/lib/avr6/crtm2560.o
                0x0000000000000000                __vectors
                0x0000000000000000                __vector_default
 *(.vectors)
 *(.progmem.gcc*)
 *(.progmem*)
                0x00000000000000e4                . = ALIGN (0x2)
                0x00000000000000e4                __trampolines_start = .
 *(.trampolines)
 .trampolines   0x00000000000000e4       0x14 linker stubs
 *(.trampolines*)
                0x00000000000000f8                __trampolines_end = .
 *(.jumptables)
 *(.jumptables*)
 *(.lowtext)
 *(.lowtext*)
                0x00000000000000f8                __ctors_start = .
 *(.ctors)
                0x00000000000000f8                __ctors_end = .
                0x00000000000000f8                __dtors_start = .
 *(.dtors)
                0x00000000000000f8                __dtors_end = .
 SORT(*)(.ctors)
 SORT(*)(.dtors)
 *(.init0)
 .init0         0x00000000000000f8        0x0 /usr/lib/gcc/avr/4.8.2/../../../../avr/lib/avr6/crtm2560.o
                0x00000000000000f8                __init
 *(.init0)
 *(.init1)
 *(.init1)
 *(.init2)
 .init2         0x00000000000000f8       0x10 /usr/lib/gcc/avr/4.8.2/../../../../avr/lib/avr6/crtm2560.o
 *(.init2)
 *(.init3)
 *(.init3)
 *(.init4)
 .init4         0x0000000000000108       0x1a /usr/lib/gcc/avr/4.8.2/avr6/libgcc.a(_copy_data.o)
                0x0000000000000108                __do_copy_data
 .init4         0x0000000000000122       0x10 /usr/lib/gcc/avr/4.8.2/avr6/libgcc.a(_clear_bss.o)
                0x0000000000000122                __do_clear_bss
 *(.init4)
 *(.init5)
 *(.init5)
 *(.init6)
 *(.init6)
 *(.init7)
 *(.init7)
 *(.init8)
 *(.init8)
 *(.init9)
 .init9         0x0000000000000132        0x8 /usr/lib/gcc/avr/4.8.2/../../../../avr/lib/avr6/crtm2560.o
 *(.init9)
 *(.text)
 .text          0x000000000000013a        0x4 /usr/lib/gcc/avr/4.8.2/../../../../avr/lib/avr6/crtm2560.o
                0x000000000000013a                __vector_38
                0x000000000000013a                __vector_22
                0x000000000000013a                __vector_28
                0x000000000000013a                __vector_1
                0x000000000000013a                __vector_34
                0x000000000000013a                __vector_24
                0x000000000000013a                __vector_12
                0x000000000000013a                __vector_55
                0x000000000000013a                __vector_46
                0x000000000000013a                __bad_interrupt
                0x000000000000013a                __vector_6
                0x000000000000013a                __vector_31
                0x000000000000013a                __vector_35
                0x000000000000013a                __vector_39
                0x000000000000013a                __vector_3
                0x000000000000013a                __vector_23
                0x000000000000013a                __vector_30
                0x000000000000013a                __vector_45
                0x000000000000013a                __vector_25
                0x000000000000013a                __vector_54
                0x000000000000013a                __vector_13
                0x000000000000013a                __vector_17
                0x000000000000013a                __vector_19
                0x000000000000013a                __vector_56
                0x000000000000013a                __vector_7
                0x000000000000013a                __vector_49
                0x000000000000013a                __vector_41
                0x000000000000013a                __vector_43
                0x000000000000013a                __vector_27
                0x000000000000013a                __vector_5
                0x000000000000013a                __vector_33
                0x000000000000013a                __vector_47
                0x000000000000013a                __vector_52
                0x000000000000013a                __vector_37
                0x000000000000013a                __vector_4
                0x000000000000013a                __vector_44
                0x000000000000013a                __vector_51
                0x000000000000013a                __vector_9
                0x000000000000013a                __vector_2
                0x000000000000013a                __vector_21
                0x000000000000013a                __vector_15
                0x000000000000013a                __vector_29
                0x000000000000013a                __vector_40
                0x000000000000013a                __vector_8
                0x000000000000013a                __vector_26
                0x000000000000013a                __vector_48
                0x000000000000013a                __vector_14
                0x000000000000013a                __vector_53
                0x000000000000013a                __vector_10
                0x000000000000013a                __vector_16
                0x000000000000013a                __vector_18
                0x000000000000013a                __vector_20
                0x000000000000013a                __vector_42
 .text          0x000000000000013e      0x356 main.o
                0x000000000000013e                vApplicationTickHook
                0x000000000000015e                vApplicationStackOverflowHook
                0x000000000000016e                main
                0x0000000000000294                printHex
                0x0000000000000354                printNum
                0x00000000000003ce                __vector_50
                0x0000000000000438                getTimerCount2
                0x0000000000000452                vTaskFunction_1
                0x0000000000000474                vIO_init
 .text          0x0000000000000494     0x125a ../../FreeRTOS/Source/tasks.o
                0x0000000000000494                xTaskGenericCreate
                0x000000000000066e                vTaskDelayUntil
                0x0000000000000756                vTaskDelay
                0x00000000000007c0                vTaskSuspend
                0x000000000000088c                xTaskIsTaskSuspended
                0x00000000000008ea                vTaskResume
                0x00000000000009b2                xTaskResumeFromISR
                0x0000000000000a7e                vTaskStartScheduler
                0x0000000000000aec                vTaskEndScheduler
                0x0000000000000b04                vTaskSuspendAll
                0x0000000000000b1c                xTaskResumeAll
                0x0000000000000c30                xTaskGetTickCount
                0x0000000000000c60                xTaskGetTickCountFromISR
                0x0000000000000c88                uxTaskGetNumberOfTasks
                0x0000000000000c9a                vTaskIncrementTick
                0x0000000000000e42                vTaskSwitchContext
                0x0000000000000f48                vTaskPlaceOnEventList
                0x0000000000000fd8                xTaskRemoveFromEventList
                0x00000000000010a8                vTaskSetTimeOutState
                0x00000000000010dc                xTaskCheckForTimeOut
                0x00000000000011aa                vTaskMissedYield
                0x0000000000001498                uxTaskGetStackHighWaterMark
                0x0000000000001500                xTaskGetCurrentTaskHandle
                0x0000000000001526                vTaskPriorityInherit
                0x0000000000001630                vTaskPriorityDisinherit
 .text          0x00000000000016ee      0xa64 ../../FreeRTOS/Source/queue.o
                0x00000000000016ee                xQueueGenericReset
                0x00000000000017ea                xQueueGenericCreate
                0x00000000000018a4                xQueueCreateMutex
                0x000000000000193e                xQueueGenericSend
                0x0000000000001a7a                xQueueGenericSendFromISR
                0x0000000000001b1c                xQueueGenericReceive
                0x0000000000001cd6                xQueueReceiveFromISR
                0x0000000000001d7c                uxQueueMessagesWaiting
                0x0000000000001daa                uxQueueMessagesWaitingFromISR
                0x0000000000001dce                vQueueDelete
                0x00000000000020b8                xQueueIsQueueEmptyFromISR
                0x0000000000002120                xQueueIsQueueFullFromISR
 .text          0x0000000000002152      0x27e ../../FreeRTOS/Source/list.o
                0x0000000000002152                vListInitialise
                0x00000000000021a8                vListInitialiseItem
                0x00000000000021ca                vListInsertEnd
                0x0000000000002260                vListInsert
                0x0000000000002338                uxListRemove
 .text          0x00000000000023d0      0x5b2 ../../FreeRTOS/Source/croutine.o
                0x00000000000023d0                xCoRoutineCreate
                0x00000000000024f8                vCoRoutineAddToDelayedList
                0x00000000000027aa                vCoRoutineSchedule
                0x0000000000002912                xCoRoutineRemoveFromEventList
 .text          0x0000000000002982       0xda ../../FreeRTOS/Source/heap_1.o
                0x0000000000002982                pvPortMalloc
                0x0000000000002a0e                vPortFree
                0x0000000000002a28                vPortInitialiseBlocks
                0x0000000000002a3e                xPortGetFreeHeapSize
 .text          0x0000000000002a5c      0x5fa ../../FreeRTOS/Source/port.o
                0x0000000000002a5c                pxPortInitialiseStack
                0x0000000000002d92                xPortStartScheduler
                0x0000000000002e04                vPortEndScheduler
                0x0000000000002e12                vPortYield
                0x0000000000002ed4                vPortYieldFromTick
                0x0000000000003050                __vector_32
 .text          0x0000000000003056      0x66a usart.o
                0x0000000000003056                USART_Init
                0x0000000000003130                USART_Write
                0x0000000000003164                USART_Write_Unprotected
                0x0000000000003198                USART_Read
                0x00000000000031bc                __vector_36
                0x0000000000003242                USART_AddToQueue
                0x000000000000326e                USART_TransmitString
                0x00000000000032ac                vTaskUSARTWrite
                0x00000000000032f4                USART_LogChar
                0x0000000000003320                USART_LogString
                0x000000000000335e                vTaskUSARTLog
                0x00000000000033a6                USART_GetChar
                0x00000000000033da                vTaskUSARTRead
                0x000000000000357a                sendResponse
                0x0000000000003632                sendACK
                0x0000000000003646                sendNACK
                0x000000000000365a                waitForChecksum
                0x0000000000003676                calcChecksum
 .text          0x00000000000036c0      0x422 protocol.o
                0x00000000000036c0                commandIntegCheck
                0x00000000000036dc                processUltrasonicCommand
                0x0000000000003772                processSpeedCommand
                0x00000000000037e0                processSteeringCommand
                0x00000000000038ea                processFNRCommand
                0x0000000000003956                processBrakeCommand
                0x00000000000039c2                processBatteryCommand
                0x0000000000003a26                processLightCommand
                0x0000000000003a6a                processCommand
 .text          0x0000000000003ae2       0x44 Components/Battery/Battery.o
                0x0000000000003ae2                getBatteryVoltage
                0x0000000000003b04                getSteeringVoltage
 .text          0x0000000000003b26       0x38 Components/Brake/Brake.o
                0x0000000000003b26                setBrake
                0x0000000000003b3c                getBrake
 .text          0x0000000000003b5e        0x0 Components/Error/Error.o
 .text          0x0000000000003b5e       0x38 Components/FNR/FNR.o
                0x0000000000003b5e                setFNR
                0x0000000000003b74                getFNR
 .text          0x0000000000003b96       0x16 Components/Lights/Lights.o
                0x0000000000003b96                setLight
 .text          0x0000000000003bac      0x3c0 Components/Sonar/Sonar.o
                0x0000000000003bac                setSonarData
                0x0000000000003bd6                getSonarData
                0x0000000000003bf4                getTimerCount
                0x0000000000003c0a                __vector_11
                0x0000000000003ce8                initializeSonarSensors
                0x0000000000003d3c                vTaskSonar
                0x0000000000003de6                getAllSensors
                0x0000000000003e3c                getCertainSensor
                0x0000000000003e92                getSensorGroup
 .text          0x0000000000003f6c       0x38 Components/Speed/Speed.o
                0x0000000000003f6c                getSpeed
                0x0000000000003f8e                setSpeed
 .text          0x0000000000003fa4       0x94 Components/Steering/Steering.o
                0x0000000000003fa4                setAngle
                0x0000000000003fba                getAngle
                0x0000000000003fdc                getDesiredAngle
                0x0000000000003ffe                changePID
                0x000000000000401c                setLimits
 .text          0x0000000000004038        0x0 /usr/lib/gcc/avr/4.8.2/avr6/libgcc.a(_udivmodsi4.o)
 .text          0x0000000000004038        0x0 /usr/lib/gcc/avr/4.8.2/avr6/libgcc.a(_exit.o)
 .text          0x0000000000004038        0x0 /usr/lib/gcc/avr/4.8.2/avr6/libgcc.a(_copy_data.o)
 .text          0x0000000000004038        0x0 /usr/lib/gcc/avr/4.8.2/avr6/libgcc.a(_clear_bss.o)
 .text          0x0000000000004038        0x0 /usr/lib/gcc/avr/4.8.2/../../../../avr/lib/avr6/libc.a(memcpy.o)
 .text          0x0000000000004038        0x0 /usr/lib/gcc/avr/4.8.2/../../../../avr/lib/avr6/libc.a(memset.o)
 .text          0x0000000000004038        0x0 /usr/lib/gcc/avr/4.8.2/../../../../avr/lib/avr6/libc.a(strncpy.o)
 .text          0x0000000000004038        0x0 /usr/lib/gcc/avr/4.8.2/../../../../avr/lib/avr6/libc.a(itoa.o)
 .text          0x0000000000004038        0x0 /usr/lib/gcc/avr/4.8.2/../../../../avr/lib/avr6/libc.a(strrev.o)
 .text          0x0000000000004038        0x0 /usr/lib/gcc/avr/4.8.2/avr6/libgcc.a(_udivmodhi4.o)
                0x0000000000004038                . = ALIGN (0x2)
 *(.text.*)
 .text.libgcc.mul
                0x0000000000004038        0x0 /usr/lib/gcc/avr/4.8.2/avr6/libgcc.a(_udivmodsi4.o)
 .text.libgcc.div
                0x0000000000004038       0x44 /usr/lib/gcc/avr/4.8.2/avr6/libgcc.a(_udivmodsi4.o)
                0x0000000000004038                __udivmodsi4
 .text.libgcc   0x000000000000407c        0x0 /usr/lib/gcc/avr/4.8.2/avr6/libgcc.a(_udivmodsi4.o)
 .text.libgcc.prologue
                0x000000000000407c        0x0 /usr/lib/gcc/avr/4.8.2/avr6/libgcc.a(_udivmodsi4.o)
 .text.libgcc.builtins
                0x000000000000407c        0x0 /usr/lib/gcc/avr/4.8.2/avr6/libgcc.a(_udivmodsi4.o)
 .text.libgcc.fmul
                0x000000000000407c        0x0 /usr/lib/gcc/avr/4.8.2/avr6/libgcc.a(_udivmodsi4.o)
 .text.libgcc.fixed
                0x000000000000407c        0x0 /usr/lib/gcc/avr/4.8.2/avr6/libgcc.a(_udivmodsi4.o)
 .text.libgcc.mul
                0x000000000000407c        0x0 /usr/lib/gcc/avr/4.8.2/avr6/libgcc.a(_exit.o)
 .text.libgcc.div
                0x000000000000407c        0x0 /usr/lib/gcc/avr/4.8.2/avr6/libgcc.a(_exit.o)
 .text.libgcc   0x000000000000407c        0x0 /usr/lib/gcc/avr/4.8.2/avr6/libgcc.a(_exit.o)
 .text.libgcc.prologue
                0x000000000000407c        0x0 /usr/lib/gcc/avr/4.8.2/avr6/libgcc.a(_exit.o)
 .text.libgcc.builtins
                0x000000000000407c        0x0 /usr/lib/gcc/avr/4.8.2/avr6/libgcc.a(_exit.o)
 .text.libgcc.fmul
                0x000000000000407c        0x0 /usr/lib/gcc/avr/4.8.2/avr6/libgcc.a(_exit.o)
 .text.libgcc.fixed
                0x000000000000407c        0x0 /usr/lib/gcc/avr/4.8.2/avr6/libgcc.a(_exit.o)
 .text.libgcc.mul
                0x000000000000407c        0x0 /usr/lib/gcc/avr/4.8.2/avr6/libgcc.a(_copy_data.o)
 .text.libgcc.div
                0x000000000000407c        0x0 /usr/lib/gcc/avr/4.8.2/avr6/libgcc.a(_copy_data.o)
 .text.libgcc   0x000000000000407c        0x0 /usr/lib/gcc/avr/4.8.2/avr6/libgcc.a(_copy_data.o)
 .text.libgcc.prologue
                0x000000000000407c        0x0 /usr/lib/gcc/avr/4.8.2/avr6/libgcc.a(_copy_data.o)
 .text.libgcc.builtins
                0x000000000000407c        0x0 /usr/lib/gcc/avr/4.8.2/avr6/libgcc.a(_copy_data.o)
 .text.libgcc.fmul
                0x000000000000407c        0x0 /usr/lib/gcc/avr/4.8.2/avr6/libgcc.a(_copy_data.o)
 .text.libgcc.fixed
                0x000000000000407c        0x0 /usr/lib/gcc/avr/4.8.2/avr6/libgcc.a(_copy_data.o)
 .text.libgcc.mul
                0x000000000000407c        0x0 /usr/lib/gcc/avr/4.8.2/avr6/libgcc.a(_clear_bss.o)
 .text.libgcc.div
                0x000000000000407c        0x0 /usr/lib/gcc/avr/4.8.2/avr6/libgcc.a(_clear_bss.o)
 .text.libgcc   0x000000000000407c        0x0 /usr/lib/gcc/avr/4.8.2/avr6/libgcc.a(_clear_bss.o)
 .text.libgcc.prologue
                0x000000000000407c        0x0 /usr/lib/gcc/avr/4.8.2/avr6/libgcc.a(_clear_bss.o)
 .text.libgcc.builtins
                0x000000000000407c        0x0 /usr/lib/gcc/avr/4.8.2/avr6/libgcc.a(_clear_bss.o)
 .text.libgcc.fmul
                0x000000000000407c        0x0 /usr/lib/gcc/avr/4.8.2/avr6/libgcc.a(_clear_bss.o)
 .text.libgcc.fixed
                0x000000000000407c        0x0 /usr/lib/gcc/avr/4.8.2/avr6/libgcc.a(_clear_bss.o)
 .text.avr-libc
                0x000000000000407c       0x12 /usr/lib/gcc/avr/4.8.2/../../../../avr/lib/avr6/libc.a(memcpy.o)
                0x000000000000407c                memcpy
 .text.avr-libc
                0x000000000000408e        0xe /usr/lib/gcc/avr/4.8.2/../../../../avr/lib/avr6/libc.a(memset.o)
                0x000000000000408e                memset
 .text.avr-libc
                0x000000000000409c       0x1e /usr/lib/gcc/avr/4.8.2/../../../../avr/lib/avr6/libc.a(strncpy.o)
                0x000000000000409c                strncpy
 .text.avr-libc
                0x00000000000040ba       0x42 /usr/lib/gcc/avr/4.8.2/../../../../avr/lib/avr6/libc.a(itoa.o)
                0x00000000000040ba                itoa
 .text.avr-libc
                0x00000000000040fc       0x20 /usr/lib/gcc/avr/4.8.2/../../../../avr/lib/avr6/libc.a(strrev.o)
                0x00000000000040fc                strrev
 .text.libgcc.mul
                0x000000000000411c        0x0 /usr/lib/gcc/avr/4.8.2/avr6/libgcc.a(_udivmodhi4.o)
 .text.libgcc.div
                0x000000000000411c       0x28 /usr/lib/gcc/avr/4.8.2/avr6/libgcc.a(_udivmodhi4.o)
                0x000000000000411c                __udivmodhi4
 .text.libgcc   0x0000000000004144        0x0 /usr/lib/gcc/avr/4.8.2/avr6/libgcc.a(_udivmodhi4.o)
 .text.libgcc.prologue
                0x0000000000004144        0x0 /usr/lib/gcc/avr/4.8.2/avr6/libgcc.a(_udivmodhi4.o)
 .text.libgcc.builtins
                0x0000000000004144        0x0 /usr/lib/gcc/avr/4.8.2/avr6/libgcc.a(_udivmodhi4.o)
 .text.libgcc.fmul
                0x0000000000004144        0x0 /usr/lib/gcc/avr/4.8.2/avr6/libgcc.a(_udivmodhi4.o)
 .text.libgcc.fixed
                0x0000000000004144        0x0 /usr/lib/gcc/avr/4.8.2/avr6/libgcc.a(_udivmodhi4.o)
                0x0000000000004144                . = ALIGN (0x2)
 *(.fini9)
 .fini9         0x0000000000004144        0x0 /usr/lib/gcc/avr/4.8.2/avr6/libgcc.a(_exit.o)
                0x0000000000004144                exit
                0x0000000000004144                _exit
 *(.fini9)
 *(.fini8)
 *(.fini8)
 *(.fini7)
 *(.fini7)
 *(.fini6)
 *(.fini6)
 *(.fini5)
 *(.fini5)
 *(.fini4)
 *(.fini4)
 *(.fini3)
 *(.fini3)
 *(.fini2)
 *(.fini2)
 *(.fini1)
 *(.fini1)
 *(.fini0)
 .fini0         0x0000000000004144        0x4 /usr/lib/gcc/avr/4.8.2/avr6/libgcc.a(_exit.o)
 *(.fini0)
                0x0000000000004148                _etext = .

.data           0x0000000000800200       0x24 load address 0x0000000000004148
                0x0000000000800200                PROVIDE (__data_start, .)
 *(.data)
 .data          0x0000000000800200        0x0 /usr/lib/gcc/avr/4.8.2/../../../../avr/lib/avr6/crtm2560.o
 .data          0x0000000000800200        0x0 main.o
 .data          0x0000000000800200        0x7 ../../FreeRTOS/Source/tasks.o
 .data          0x0000000000800207        0x0 ../../FreeRTOS/Source/queue.o
 .data          0x0000000000800207        0x0 ../../FreeRTOS/Source/list.o
 .data          0x0000000000800207        0x0 ../../FreeRTOS/Source/croutine.o
 .data          0x0000000000800207        0x0 ../../FreeRTOS/Source/heap_1.o
 .data          0x0000000000800207        0x0 ../../FreeRTOS/Source/port.o
 .data          0x0000000000800207        0x0 usart.o
 .data          0x0000000000800207        0x0 protocol.o
 .data          0x0000000000800207        0x0 Components/Battery/Battery.o
 .data          0x0000000000800207        0x0 Components/Brake/Brake.o
 .data          0x0000000000800207        0x0 Components/Error/Error.o
 .data          0x0000000000800207        0x0 Components/FNR/FNR.o
 .data          0x0000000000800207        0x0 Components/Lights/Lights.o
 .data          0x0000000000800207        0x0 Components/Sonar/Sonar.o
 .data          0x0000000000800207        0x0 Components/Speed/Speed.o
 .data          0x0000000000800207        0x0 Components/Steering/Steering.o
 .data          0x0000000000800207        0x0 /usr/lib/gcc/avr/4.8.2/avr6/libgcc.a(_udivmodsi4.o)
 .data          0x0000000000800207        0x0 /usr/lib/gcc/avr/4.8.2/avr6/libgcc.a(_exit.o)
 .data          0x0000000000800207        0x0 /usr/lib/gcc/avr/4.8.2/avr6/libgcc.a(_copy_data.o)
 .data          0x0000000000800207        0x0 /usr/lib/gcc/avr/4.8.2/avr6/libgcc.a(_clear_bss.o)
 .data          0x0000000000800207        0x0 /usr/lib/gcc/avr/4.8.2/../../../../avr/lib/avr6/libc.a(memcpy.o)
 .data          0x0000000000800207        0x0 /usr/lib/gcc/avr/4.8.2/../../../../avr/lib/avr6/libc.a(memset.o)
 .data          0x0000000000800207        0x0 /usr/lib/gcc/avr/4.8.2/../../../../avr/lib/avr6/libc.a(strncpy.o)
 .data          0x0000000000800207        0x0 /usr/lib/gcc/avr/4.8.2/../../../../avr/lib/avr6/libc.a(itoa.o)
 .data          0x0000000000800207        0x0 /usr/lib/gcc/avr/4.8.2/../../../../avr/lib/avr6/libc.a(strrev.o)
 .data          0x0000000000800207        0x0 /usr/lib/gcc/avr/4.8.2/avr6/libgcc.a(_udivmodhi4.o)
 *(.data*)
 *(.rodata)
 .rodata        0x0000000000800207       0x1c main.o
 *(.rodata*)
 *(.gnu.linkonce.d*)
                0x0000000000800224                . = ALIGN (0x2)
 *fill*         0x0000000000800223        0x1 
                0x0000000000800224                _edata = .
                0x0000000000800224                PROVIDE (__data_end, .)

.bss            0x0000000000800224     0x18b5
                0x0000000000800224                PROVIDE (__bss_start, .)
 *(.bss)
 .bss           0x0000000000800224        0x0 /usr/lib/gcc/avr/4.8.2/../../../../avr/lib/avr6/crtm2560.o
 .bss           0x0000000000800224        0x2 main.o
                0x0000000000800224                count
 .bss           0x0000000000800226       0x59 ../../FreeRTOS/Source/tasks.o
                0x0000000000800226                pxCurrentTCB
 .bss           0x000000000080027f        0x0 ../../FreeRTOS/Source/queue.o
 .bss           0x000000000080027f        0x0 ../../FreeRTOS/Source/list.o
 .bss           0x000000000080027f       0x3a ../../FreeRTOS/Source/croutine.o
                0x000000000080027f                pxCurrentCoRoutine
 .bss           0x00000000008002b9     0x1802 ../../FreeRTOS/Source/heap_1.o
 .bss           0x0000000000801abb        0x0 ../../FreeRTOS/Source/port.o
 .bss           0x0000000000801abb        0x0 usart.o
 .bss           0x0000000000801abb        0x0 protocol.o
 .bss           0x0000000000801abb        0x0 Components/Battery/Battery.o
 .bss           0x0000000000801abb        0x0 Components/Brake/Brake.o
 .bss           0x0000000000801abb        0x0 Components/Error/Error.o
 .bss           0x0000000000801abb        0x0 Components/FNR/FNR.o
 .bss           0x0000000000801abb        0x0 Components/Lights/Lights.o
 .bss           0x0000000000801abb        0x1 Components/Sonar/Sonar.o
                0x0000000000801abb                lastSonarData
 .bss           0x0000000000801abc        0x0 Components/Speed/Speed.o
 .bss           0x0000000000801abc        0x0 Components/Steering/Steering.o
 .bss           0x0000000000801abc        0x0 /usr/lib/gcc/avr/4.8.2/avr6/libgcc.a(_udivmodsi4.o)
 .bss           0x0000000000801abc        0x0 /usr/lib/gcc/avr/4.8.2/avr6/libgcc.a(_exit.o)
 .bss           0x0000000000801abc        0x0 /usr/lib/gcc/avr/4.8.2/avr6/libgcc.a(_copy_data.o)
 .bss           0x0000000000801abc        0x0 /usr/lib/gcc/avr/4.8.2/avr6/libgcc.a(_clear_bss.o)
 .bss           0x0000000000801abc        0x0 /usr/lib/gcc/avr/4.8.2/../../../../avr/lib/avr6/libc.a(memcpy.o)
 .bss           0x0000000000801abc        0x0 /usr/lib/gcc/avr/4.8.2/../../../../avr/lib/avr6/libc.a(memset.o)
 .bss           0x0000000000801abc        0x0 /usr/lib/gcc/avr/4.8.2/../../../../avr/lib/avr6/libc.a(strncpy.o)
 .bss           0x0000000000801abc        0x0 /usr/lib/gcc/avr/4.8.2/../../../../avr/lib/avr6/libc.a(itoa.o)
 .bss           0x0000000000801abc        0x0 /usr/lib/gcc/avr/4.8.2/../../../../avr/lib/avr6/libc.a(strrev.o)
 .bss           0x0000000000801abc        0x0 /usr/lib/gcc/avr/4.8.2/avr6/libgcc.a(_udivmodhi4.o)
 *(.bss*)
 *(COMMON)
 COMMON         0x0000000000801abc        0x2 main.o
                0x0000000000801abc                sonarTime
 COMMON         0x0000000000801abe        0x6 usart.o
                0x0000000000801abe                USART_ReadQueue
                0x0000000000801ac0                USART_WriteQueueLog
                0x0000000000801ac2                USART_WriteQueue
 COMMON         0x0000000000801ac4       0x15 Components/Sonar/Sonar.o
                0x0000000000801ac4                sonarData
                0x0000000000801aca                sonarSemaphore
                0x0000000000801acc                sonarDataMutex
                0x0000000000801ad8                currSonar
                0x0000000000801ad9                PROVIDE (__bss_end, .)
                0x0000000000004148                __data_load_start = LOADADDR (.data)
                0x000000000000416c                __data_load_end = (__data_load_start + SIZEOF (.data))

.noinit         0x0000000000801ad9        0x0
                0x0000000000801ad9                PROVIDE (__noinit_start, .)
 *(.noinit*)
                0x0000000000801ad9                PROVIDE (__noinit_end, .)
                0x0000000000801ad9                _end = .
                0x0000000000801ad9                PROVIDE (__heap_start, .)

.eeprom         0x0000000000810000        0x0
 *(.eeprom*)
                0x0000000000810000                __eeprom_end = .

.fuse
 *(.fuse)
 *(.lfuse)
 *(.hfuse)
 *(.efuse)

.lock
 *(.lock*)

.signature
 *(.signature*)

.stab           0x0000000000000000     0x9288
 *(.stab)
 .stab          0x0000000000000000      0x6e4 /usr/lib/gcc/avr/4.8.2/../../../../avr/lib/avr6/crtm2560.o
 .stab          0x00000000000006e4      0xc18 main.o
                                        0xc24 (size before relaxing)
 .stab          0x00000000000012fc     0x1fd4 ../../FreeRTOS/Source/tasks.o
                                       0x20e8 (size before relaxing)
 .stab          0x00000000000032d0     0x1434 ../../FreeRTOS/Source/queue.o
                                       0x168c (size before relaxing)
 .stab          0x0000000000004704      0x540 ../../FreeRTOS/Source/list.o
                                        0x81c (size before relaxing)
 .stab          0x0000000000004c44      0x978 ../../FreeRTOS/Source/croutine.o
                                        0xc60 (size before relaxing)
 .stab          0x00000000000055bc      0x384 ../../FreeRTOS/Source/heap_1.o
                                        0x6d8 (size before relaxing)
 .stab          0x0000000000005940      0x990 ../../FreeRTOS/Source/port.o
                                        0xcd8 (size before relaxing)
 .stab          0x00000000000062d0     0x1008 usart.o
                                       0x1260 (size before relaxing)
 .stab          0x00000000000072d8      0x63c protocol.o
                                        0x684 (size before relaxing)
 .stab          0x0000000000007914      0x1bc Components/Battery/Battery.o
                                        0x1c8 (size before relaxing)
 .stab          0x0000000000007ad0      0x1b0 Components/Brake/Brake.o
                                        0x1bc (size before relaxing)
 .stab          0x0000000000007c80       0xe4 Components/Error/Error.o
                                         0xf0 (size before relaxing)
 .stab          0x0000000000007d64      0x1b0 Components/FNR/FNR.o
                                        0x1bc (size before relaxing)
 .stab          0x0000000000007f14      0x144 Components/Lights/Lights.o
                                        0x150 (size before relaxing)
 .stab          0x0000000000008058      0x93c Components/Sonar/Sonar.o
                                        0xbc4 (size before relaxing)
 .stab          0x0000000000008994      0x1b0 Components/Speed/Speed.o
                                        0x1bc (size before relaxing)
 .stab          0x0000000000008b44      0x300 Components/Steering/Steering.o
                                        0x30c (size before relaxing)
 .stab          0x0000000000008e44       0x84 /usr/lib/gcc/avr/4.8.2/../../../../avr/lib/avr6/libc.a(memcpy.o)
                                         0x90 (size before relaxing)
 .stab          0x0000000000008ec8       0x6c /usr/lib/gcc/avr/4.8.2/../../../../avr/lib/avr6/libc.a(memset.o)
                                         0x78 (size before relaxing)
 .stab          0x0000000000008f34       0xcc /usr/lib/gcc/avr/4.8.2/../../../../avr/lib/avr6/libc.a(strncpy.o)
                                         0xd8 (size before relaxing)
 .stab          0x0000000000009000      0x1b0 /usr/lib/gcc/avr/4.8.2/../../../../avr/lib/avr6/libc.a(itoa.o)
                                        0x1bc (size before relaxing)
 .stab          0x00000000000091b0       0xd8 /usr/lib/gcc/avr/4.8.2/../../../../avr/lib/avr6/libc.a(strrev.o)
                                         0xe4 (size before relaxing)

.stabstr        0x0000000000000000     0x491e
 *(.stabstr)
 .stabstr       0x0000000000000000     0x491e /usr/lib/gcc/avr/4.8.2/../../../../avr/lib/avr6/crtm2560.o

.stab.excl
 *(.stab.excl)

.stab.exclstr
 *(.stab.exclstr)

.stab.index
 *(.stab.index)

.stab.indexstr
 *(.stab.indexstr)

.comment        0x0000000000000000       0x11
 *(.comment)
 .comment       0x0000000000000000       0x11 main.o
                                         0x12 (size before relaxing)
 .comment       0x0000000000000000       0x12 usart.o
 .comment       0x0000000000000000       0x12 Components/Sonar/Sonar.o

.debug
 *(.debug)

.line
 *(.line)

.debug_srcinfo
 *(.debug_srcinfo)

.debug_sfnames
 *(.debug_sfnames)

.debug_aranges
 *(.debug_aranges)

.debug_pubnames
 *(.debug_pubnames)

.debug_info
 *(.debug_info)
 *(.gnu.linkonce.wi.*)

.debug_abbrev
 *(.debug_abbrev)

.debug_line
 *(.debug_line)

.debug_frame
 *(.debug_frame)

.debug_str
 *(.debug_str)

.debug_loc
 *(.debug_loc)

.debug_macinfo
 *(.debug_macinfo)

.debug_pubtypes
 *(.debug_pubtypes)

.debug_ranges
 *(.debug_ranges)

.debug_macro
 *(.debug_macro)
OUTPUT(rtosdemo.elf elf32-avr)
LOAD linker stubs

Cross Reference Table

Symbol                                            File
USART_AddToQueue                                  usart.o
                                                  main.o
USART_GetChar                                     usart.o
USART_Init                                        usart.o
                                                  main.o
USART_LogChar                                     usart.o
USART_LogString                                   usart.o
USART_Read                                        usart.o
USART_ReadQueue                                   usart.o
USART_TransmitString                              usart.o
USART_Write                                       usart.o
                                                  main.o
USART_WriteQueue                                  usart.o
USART_WriteQueueLog                               usart.o
USART_Write_Unprotected                           usart.o
__bad_interrupt                                   /usr/lib/gcc/avr/4.8.2/../../../../avr/lib/avr6/crtm2560.o
__bss_end                                         /usr/lib/gcc/avr/4.8.2/avr6/libgcc.a(_clear_bss.o)
__bss_start                                       /usr/lib/gcc/avr/4.8.2/avr6/libgcc.a(_clear_bss.o)
__data_end                                        /usr/lib/gcc/avr/4.8.2/avr6/libgcc.a(_copy_data.o)
__data_load_start                                 /usr/lib/gcc/avr/4.8.2/avr6/libgcc.a(_copy_data.o)
__data_start                                      /usr/lib/gcc/avr/4.8.2/avr6/libgcc.a(_copy_data.o)
__do_clear_bss                                    /usr/lib/gcc/avr/4.8.2/avr6/libgcc.a(_clear_bss.o)
                                                  Components/Sonar/Sonar.o
                                                  usart.o
                                                  ../../FreeRTOS/Source/heap_1.o
                                                  ../../FreeRTOS/Source/croutine.o
                                                  ../../FreeRTOS/Source/tasks.o
                                                  main.o
__do_copy_data                                    /usr/lib/gcc/avr/4.8.2/avr6/libgcc.a(_copy_data.o)
                                                  ../../FreeRTOS/Source/tasks.o
                                                  main.o
__heap_end                                        /usr/lib/gcc/avr/4.8.2/../../../../avr/lib/avr6/crtm2560.o
__init                                            /usr/lib/gcc/avr/4.8.2/../../../../avr/lib/avr6/crtm2560.o
__stack                                           /usr/lib/gcc/avr/4.8.2/../../../../avr/lib/avr6/crtm2560.o
__udivmodhi4                                      /usr/lib/gcc/avr/4.8.2/avr6/libgcc.a(_udivmodhi4.o)
                                                  /usr/lib/gcc/avr/4.8.2/../../../../avr/lib/avr6/libc.a(itoa.o)
__udivmodsi4                                      /usr/lib/gcc/avr/4.8.2/avr6/libgcc.a(_udivmodsi4.o)
                                                  usart.o
__vector_1                                        /usr/lib/gcc/avr/4.8.2/../../../../avr/lib/avr6/crtm2560.o
__vector_10                                       /usr/lib/gcc/avr/4.8.2/../../../../avr/lib/avr6/crtm2560.o
__vector_11                                       Components/Sonar/Sonar.o
                                                  /usr/lib/gcc/avr/4.8.2/../../../../avr/lib/avr6/crtm2560.o
__vector_12                                       /usr/lib/gcc/avr/4.8.2/../../../../avr/lib/avr6/crtm2560.o
__vector_13                                       /usr/lib/gcc/avr/4.8.2/../../../../avr/lib/avr6/crtm2560.o
__vector_14                                       /usr/lib/gcc/avr/4.8.2/../../../../avr/lib/avr6/crtm2560.o
__vector_15                                       /usr/lib/gcc/avr/4.8.2/../../../../avr/lib/avr6/crtm2560.o
__vector_16                                       /usr/lib/gcc/avr/4.8.2/../../../../avr/lib/avr6/crtm2560.o
__vector_17                                       /usr/lib/gcc/avr/4.8.2/../../../../avr/lib/avr6/crtm2560.o
__vector_18                                       /usr/lib/gcc/avr/4.8.2/../../../../avr/lib/avr6/crtm2560.o
__vector_19                                       /usr/lib/gcc/avr/4.8.2/../../../../avr/lib/avr6/crtm2560.o
__vector_2                                        /usr/lib/gcc/avr/4.8.2/../../../../avr/lib/avr6/crtm2560.o
__vector_20                                       /usr/lib/gcc/avr/4.8.2/../../../../avr/lib/avr6/crtm2560.o
__vector_21                                       /usr/lib/gcc/avr/4.8.2/../../../../avr/lib/avr6/crtm2560.o
__vector_22                                       /usr/lib/gcc/avr/4.8.2/../../../../avr/lib/avr6/crtm2560.o
__vector_23                                       /usr/lib/gcc/avr/4.8.2/../../../../avr/lib/avr6/crtm2560.o
__vector_24                                       /usr/lib/gcc/avr/4.8.2/../../../../avr/lib/avr6/crtm2560.o
__vector_25                                       /usr/lib/gcc/avr/4.8.2/../../../../avr/lib/avr6/crtm2560.o
__vector_26                                       /usr/lib/gcc/avr/4.8.2/../../../../avr/lib/avr6/crtm2560.o
__vector_27                                       /usr/lib/gcc/avr/4.8.2/../../../../avr/lib/avr6/crtm2560.o
__vector_28                                       /usr/lib/gcc/avr/4.8.2/../../../../avr/lib/avr6/crtm2560.o
__vector_29                                       /usr/lib/gcc/avr/4.8.2/../../../../avr/lib/avr6/crtm2560.o
__vector_3                                        /usr/lib/gcc/avr/4.8.2/../../../../avr/lib/avr6/crtm2560.o
__vector_30                                       /usr/lib/gcc/avr/4.8.2/../../../../avr/lib/avr6/crtm2560.o
__vector_31                                       /usr/lib/gcc/avr/4.8.2/../../../../avr/lib/avr6/crtm2560.o
__vector_32                                       ../../FreeRTOS/Source/port.o
                                                  /usr/lib/gcc/avr/4.8.2/../../../../avr/lib/avr6/crtm2560.o
__vector_33                                       /usr/lib/gcc/avr/4.8.2/../../../../avr/lib/avr6/crtm2560.o
__vector_34                                       /usr/lib/gcc/avr/4.8.2/../../../../avr/lib/avr6/crtm2560.o
__vector_35                                       /usr/lib/gcc/avr/4.8.2/../../../../avr/lib/avr6/crtm2560.o
__vector_36                                       usart.o
                                                  /usr/lib/gcc/avr/4.8.2/../../../../avr/lib/avr6/crtm2560.o
__vector_37                                       /usr/lib/gcc/avr/4.8.2/../../../../avr/lib/avr6/crtm2560.o
__vector_38                                       /usr/lib/gcc/avr/4.8.2/../../../../avr/lib/avr6/crtm2560.o
__vector_39                                       /usr/lib/gcc/avr/4.8.2/../../../../avr/lib/avr6/crtm2560.o
__vector_4                                        /usr/lib/gcc/avr/4.8.2/../../../../avr/lib/avr6/crtm2560.o
__vector_40                                       /usr/lib/gcc/avr/4.8.2/../../../../avr/lib/avr6/crtm2560.o
__vector_41                                       /usr/lib/gcc/avr/4.8.2/../../../../avr/lib/avr6/crtm2560.o
__vector_42                                       /usr/lib/gcc/avr/4.8.2/../../../../avr/lib/avr6/crtm2560.o
__vector_43                                       /usr/lib/gcc/avr/4.8.2/../../../../avr/lib/avr6/crtm2560.o
__vector_44                                       /usr/lib/gcc/avr/4.8.2/../../../../avr/lib/avr6/crtm2560.o
__vector_45                                       /usr/lib/gcc/avr/4.8.2/../../../../avr/lib/avr6/crtm2560.o
__vector_46                                       /usr/lib/gcc/avr/4.8.2/../../../../avr/lib/avr6/crtm2560.o
__vector_47                                       /usr/lib/gcc/avr/4.8.2/../../../../avr/lib/avr6/crtm2560.o
__vector_48                                       /usr/lib/gcc/avr/4.8.2/../../../../avr/lib/avr6/crtm2560.o
__vector_49                                       /usr/lib/gcc/avr/4.8.2/../../../../avr/lib/avr6/crtm2560.o
__vector_5                                        /usr/lib/gcc/avr/4.8.2/../../../../avr/lib/avr6/crtm2560.o
__vector_50                                       main.o
                                                  /usr/lib/gcc/avr/4.8.2/../../../../avr/lib/avr6/crtm2560.o
__vector_51                                       /usr/lib/gcc/avr/4.8.2/../../../../avr/lib/avr6/crtm2560.o
__vector_52                                       /usr/lib/gcc/avr/4.8.2/../../../../avr/lib/avr6/crtm2560.o
__vector_53                                       /usr/lib/gcc/avr/4.8.2/../../../../avr/lib/avr6/crtm2560.o
__vector_54                                       /usr/lib/gcc/avr/4.8.2/../../../../avr/lib/avr6/crtm2560.o
__vector_55                                       /usr/lib/gcc/avr/4.8.2/../../../../avr/lib/avr6/crtm2560.o
__vector_56                                       /usr/lib/gcc/avr/4.8.2/../../../../avr/lib/avr6/crtm2560.o
__vector_6                                        /usr/lib/gcc/avr/4.8.2/../../../../avr/lib/avr6/crtm2560.o
__vector_7                                        /usr/lib/gcc/avr/4.8.2/../../../../avr/lib/avr6/crtm2560.o
__vector_8                                        /usr/lib/gcc/avr/4.8.2/../../../../avr/lib/avr6/crtm2560.o
__vector_9                                        /usr/lib/gcc/avr/4.8.2/../../../../avr/lib/avr6/crtm2560.o
__vector_default                                  /usr/lib/gcc/avr/4.8.2/../../../../avr/lib/avr6/crtm2560.o
__vectors                                         /usr/lib/gcc/avr/4.8.2/../../../../avr/lib/avr6/crtm2560.o
_exit                                             /usr/lib/gcc/avr/4.8.2/avr6/libgcc.a(_exit.o)
calcChecksum                                      usart.o
changePID                                         Components/Steering/Steering.o
                                                  protocol.o
commandIntegCheck                                 protocol.o
count                                             main.o
currSonar                                         Components/Sonar/Sonar.o
exit                                              /usr/lib/gcc/avr/4.8.2/avr6/libgcc.a(_exit.o)
                                                  /usr/lib/gcc/avr/4.8.2/../../../../avr/lib/avr6/crtm2560.o
getAllSensors                                     Components/Sonar/Sonar.o
                                                  protocol.o
getAngle                                          Components/Steering/Steering.o
                                                  protocol.o
getBatteryVoltage                                 Components/Battery/Battery.o
                                                  protocol.o
getBrake                                          Components/Brake/Brake.o
                                                  protocol.o
getCertainSensor                                  Components/Sonar/Sonar.o
                                                  protocol.o
getDesiredAngle                                   Components/Steering/Steering.o
                                                  protocol.o
getFNR                                            Components/FNR/FNR.o
                                                  protocol.o
getSensorGroup                                    Components/Sonar/Sonar.o
                                                  protocol.o
getSonarData                                      Components/Sonar/Sonar.o
getSpeed                                          Components/Speed/Speed.o
                                                  protocol.o
getSteeringVoltage                                Components/Battery/Battery.o
                                                  protocol.o
getTimerCount                                     Components/Sonar/Sonar.o
getTimerCount2                                    main.o
initializeSonarSensors                            Components/Sonar/Sonar.o
itoa                                              /usr/lib/gcc/avr/4.8.2/../../../../avr/lib/avr6/libc.a(itoa.o)
                                                  main.o
lastSonarData                                     Components/Sonar/Sonar.o
main                                              main.o
                                                  /usr/lib/gcc/avr/4.8.2/../../../../avr/lib/avr6/crtm2560.o
memcpy                                            /usr/lib/gcc/avr/4.8.2/../../../../avr/lib/avr6/libc.a(memcpy.o)
                                                  usart.o
                                                  ../../FreeRTOS/Source/queue.o
memset                                            /usr/lib/gcc/avr/4.8.2/../../../../avr/lib/avr6/libc.a(memset.o)
                                                  ../../FreeRTOS/Source/tasks.o
                                                  main.o
printHex                                          main.o
printNum                                          main.o
processBatteryCommand                             protocol.o
processBrakeCommand                               protocol.o
processCommand                                    protocol.o
                                                  usart.o
processFNRCommand                                 protocol.o
processLightCommand                               protocol.o
processSpeedCommand                               protocol.o
processSteeringCommand                            protocol.o
processUltrasonicCommand                          protocol.o
pvPortMalloc                                      ../../FreeRTOS/Source/heap_1.o
                                                  ../../FreeRTOS/Source/croutine.o
                                                  ../../FreeRTOS/Source/queue.o
                                                  ../../FreeRTOS/Source/tasks.o
pxCurrentCoRoutine                                ../../FreeRTOS/Source/croutine.o
pxCurrentTCB                                      ../../FreeRTOS/Source/tasks.o
                                                  ../../FreeRTOS/Source/port.o
pxPortInitialiseStack                             ../../FreeRTOS/Source/port.o
                                                  ../../FreeRTOS/Source/tasks.o
sendACK                                           usart.o
sendNACK                                          usart.o
sendResponse                                      usart.o
setAngle                                          Components/Steering/Steering.o
                                                  protocol.o
setBrake                                          Components/Brake/Brake.o
                                                  protocol.o
setFNR                                            Components/FNR/FNR.o
                                                  protocol.o
setLight                                          Components/Lights/Lights.o
                                                  protocol.o
setLimits                                         Components/Steering/Steering.o
                                                  protocol.o
setSonarData                                      Components/Sonar/Sonar.o
setSpeed                                          Components/Speed/Speed.o
                                                  protocol.o
sonarData                                         Components/Sonar/Sonar.o
sonarDataMutex                                    Components/Sonar/Sonar.o
sonarSemaphore                                    Components/Sonar/Sonar.o
sonarTime                                         main.o
strncpy                                           /usr/lib/gcc/avr/4.8.2/../../../../avr/lib/avr6/libc.a(strncpy.o)
                                                  ../../FreeRTOS/Source/tasks.o
strrev                                            /usr/lib/gcc/avr/4.8.2/../../../../avr/lib/avr6/libc.a(strrev.o)
                                                  /usr/lib/gcc/avr/4.8.2/../../../../avr/lib/avr6/libc.a(itoa.o)
uxListRemove                                      ../../FreeRTOS/Source/list.o
                                                  ../../FreeRTOS/Source/croutine.o
                                                  ../../FreeRTOS/Source/tasks.o
uxQueueMessagesWaiting                            ../../FreeRTOS/Source/queue.o
uxQueueMessagesWaitingFromISR                     ../../FreeRTOS/Source/queue.o
uxTaskGetNumberOfTasks                            ../../FreeRTOS/Source/tasks.o
uxTaskGetStackHighWaterMark                       ../../FreeRTOS/Source/tasks.o
vApplicationStackOverflowHook                     main.o
                                                  ../../FreeRTOS/Source/tasks.o
vApplicationTickHook                              main.o
vCoRoutineAddToDelayedList                        ../../FreeRTOS/Source/croutine.o
vCoRoutineSchedule                                ../../FreeRTOS/Source/croutine.o
vIO_init                                          main.o
vListInitialise                                   ../../FreeRTOS/Source/list.o
                                                  ../../FreeRTOS/Source/croutine.o
                                                  ../../FreeRTOS/Source/queue.o
                                                  ../../FreeRTOS/Source/tasks.o
vListInitialiseItem                               ../../FreeRTOS/Source/list.o
                                                  ../../FreeRTOS/Source/croutine.o
                                                  ../../FreeRTOS/Source/tasks.o
vListInsert                                       ../../FreeRTOS/Source/list.o
                                                  ../../FreeRTOS/Source/croutine.o
                                                  ../../FreeRTOS/Source/tasks.o
vListInsertEnd                                    ../../FreeRTOS/Source/list.o
                                                  ../../FreeRTOS/Source/croutine.o
                                                  ../../FreeRTOS/Source/tasks.o
vPortEndScheduler                                 ../../FreeRTOS/Source/port.o
                                                  ../../FreeRTOS/Source/tasks.o
vPortFree                                         ../../FreeRTOS/Source/heap_1.o
                                                  ../../FreeRTOS/Source/queue.o
                                                  ../../FreeRTOS/Source/tasks.o
vPortInitialiseBlocks                             ../../FreeRTOS/Source/heap_1.o
vPortYield                                        ../../FreeRTOS/Source/port.o
                                                  ../../FreeRTOS/Source/queue.o
                                                  ../../FreeRTOS/Source/tasks.o
vPortYieldFromTick                                ../../FreeRTOS/Source/port.o
vQueueDelete                                      ../../FreeRTOS/Source/queue.o
vTaskDelay                                        ../../FreeRTOS/Source/tasks.o
vTaskDelayUntil                                   ../../FreeRTOS/Source/tasks.o
vTaskEndScheduler                                 ../../FreeRTOS/Source/tasks.o
vTaskFunction_1                                   main.o
vTaskIncrementTick                                ../../FreeRTOS/Source/tasks.o
                                                  ../../FreeRTOS/Source/port.o
vTaskMissedYield                                  ../../FreeRTOS/Source/tasks.o
                                                  ../../FreeRTOS/Source/queue.o
vTaskPlaceOnEventList                             ../../FreeRTOS/Source/tasks.o
                                                  ../../FreeRTOS/Source/queue.o
vTaskPriorityDisinherit                           ../../FreeRTOS/Source/tasks.o
                                                  ../../FreeRTOS/Source/queue.o
vTaskPriorityInherit                              ../../FreeRTOS/Source/tasks.o
                                                  ../../FreeRTOS/Source/queue.o
vTaskResume                                       ../../FreeRTOS/Source/tasks.o
vTaskSetTimeOutState                              ../../FreeRTOS/Source/tasks.o
                                                  ../../FreeRTOS/Source/queue.o
vTaskSonar                                        Components/Sonar/Sonar.o
                                                  main.o
vTaskStartScheduler                               ../../FreeRTOS/Source/tasks.o
                                                  main.o
vTaskSuspend                                      ../../FreeRTOS/Source/tasks.o
vTaskSuspendAll                                   ../../FreeRTOS/Source/tasks.o
                                                  ../../FreeRTOS/Source/heap_1.o
                                                  ../../FreeRTOS/Source/queue.o
vTaskSwitchContext                                ../../FreeRTOS/Source/tasks.o
                                                  ../../FreeRTOS/Source/port.o
vTaskUSARTLog                                     usart.o
vTaskUSARTRead                                    usart.o
                                                  main.o
vTaskUSARTWrite                                   usart.o
                                                  main.o
waitForChecksum                                   usart.o
xCoRoutineCreate                                  ../../FreeRTOS/Source/croutine.o
xCoRoutineRemoveFromEventList                     ../../FreeRTOS/Source/croutine.o
xPortGetFreeHeapSize                              ../../FreeRTOS/Source/heap_1.o
xPortStartScheduler                               ../../FreeRTOS/Source/port.o
                                                  ../../FreeRTOS/Source/tasks.o
xQueueCreateMutex                                 ../../FreeRTOS/Source/queue.o
xQueueGenericCreate                               ../../FreeRTOS/Source/queue.o
                                                  Components/Sonar/Sonar.o
                                                  usart.o
xQueueGenericReceive                              ../../FreeRTOS/Source/queue.o
                                                  Components/Sonar/Sonar.o
                                                  usart.o
xQueueGenericReset                                ../../FreeRTOS/Source/queue.o
xQueueGenericSend                                 ../../FreeRTOS/Source/queue.o
                                                  Components/Sonar/Sonar.o
                                                  usart.o
xQueueGenericSendFromISR                          ../../FreeRTOS/Source/queue.o
                                                  Components/Sonar/Sonar.o
                                                  usart.o
xQueueIsQueueEmptyFromISR                         ../../FreeRTOS/Source/queue.o
xQueueIsQueueFullFromISR                          ../../FreeRTOS/Source/queue.o
xQueueReceiveFromISR                              ../../FreeRTOS/Source/queue.o
xTaskCheckForTimeOut                              ../../FreeRTOS/Source/tasks.o
                                                  ../../FreeRTOS/Source/queue.o
xTaskGenericCreate                                ../../FreeRTOS/Source/tasks.o
                                                  main.o
xTaskGetCurrentTaskHandle                         ../../FreeRTOS/Source/tasks.o
                                                  ../../FreeRTOS/Source/queue.o
xTaskGetTickCount                                 ../../FreeRTOS/Source/tasks.o
                                                  ../../FreeRTOS/Source/croutine.o
xTaskGetTickCountFromISR                          ../../FreeRTOS/Source/tasks.o
xTaskIsTaskSuspended                              ../../FreeRTOS/Source/tasks.o
xTaskRemoveFromEventList                          ../../FreeRTOS/Source/tasks.o
                                                  ../../FreeRTOS/Source/queue.o
xTaskResumeAll                                    ../../FreeRTOS/Source/tasks.o
                                                  ../../FreeRTOS/Source/heap_1.o
                                                  ../../FreeRTOS/Source/queue.o
xTaskResumeFromISR                                ../../FreeRTOS/Source/tasks.o
