Archive member included because of file (symbol)

/usr/lib/gcc/avr/4.8.2/avr6/libgcc.a(_udivmodsi4.o)
                              usart.o (__udivmodsi4)
/usr/lib/gcc/avr/4.8.2/avr6/libgcc.a(_exit.o)
                              /usr/lib/gcc/avr/4.8.2/../../../../avr/lib/avr6/crtm2560.o (exit)
/usr/lib/gcc/avr/4.8.2/avr6/libgcc.a(_copy_data.o)
                              main.o (__do_copy_data)
/usr/lib/gcc/avr/4.8.2/avr6/libgcc.a(_clear_bss.o)
                              main.o (__do_clear_bss)
/usr/lib/gcc/avr/4.8.2/../../../../avr/lib/avr6/libc.a(memcpy.o)
                              queue.o (memcpy)
/usr/lib/gcc/avr/4.8.2/../../../../avr/lib/avr6/libc.a(memset.o)
                              main.o (memset)
/usr/lib/gcc/avr/4.8.2/../../../../avr/lib/avr6/libc.a(strncpy.o)
                              tasks.o (strncpy)
/usr/lib/gcc/avr/4.8.2/../../../../avr/lib/avr6/libc.a(itoa.o)
                              main.o (itoa)
/usr/lib/gcc/avr/4.8.2/../../../../avr/lib/avr6/libc.a(strrev.o)
                              /usr/lib/gcc/avr/4.8.2/../../../../avr/lib/avr6/libc.a(itoa.o) (strrev)
/usr/lib/gcc/avr/4.8.2/avr6/libgcc.a(_udivmodhi4.o)
                              /usr/lib/gcc/avr/4.8.2/../../../../avr/lib/avr6/libc.a(itoa.o) (__udivmodhi4)

Allocating common symbols
Common symbol       size              file

USART_ReadQueue     0x2               usart.o
sonarTime           0x2               main.o
sonarData           0x6               sonar.o
sonarSemaphore      0x2               sonar.o
sonarDataMutex      0xc               sonar.o
USART_WriteQueue    0x2               usart.o
currSonar           0x1               sonar.o

Memory Configuration

Name             Origin             Length             Attributes
text             0x0000000000000000 0x0000000000100000 xr
data             0x0000000000800200 0x000000000000fe00 rw !x
eeprom           0x0000000000810000 0x0000000000010000 rw !x
fuse             0x0000000000820000 0x0000000000000400 rw !x
lock             0x0000000000830000 0x0000000000000400 rw !x
signature        0x0000000000840000 0x0000000000000400 rw !x
*default*        0x0000000000000000 0xffffffffffffffff

Linker script and memory map

Address of section .data set to 0x800200
LOAD /usr/lib/gcc/avr/4.8.2/../../../../avr/lib/avr6/crtm2560.o
LOAD main.o
LOAD tasks.o
LOAD queue.o
LOAD list.o
LOAD croutine.o
LOAD heap_1.o
LOAD port.o
LOAD usart.o
LOAD sonar.o
LOAD /usr/lib/gcc/avr/4.8.2/../../../../avr/lib/avr6/libm.a
START GROUP
LOAD /usr/lib/gcc/avr/4.8.2/avr6/libgcc.a
LOAD /usr/lib/gcc/avr/4.8.2/../../../../avr/lib/avr6/libm.a
LOAD /usr/lib/gcc/avr/4.8.2/../../../../avr/lib/avr6/libc.a
END GROUP

.hash
 *(.hash)

.dynsym
 *(.dynsym)

.dynstr
 *(.dynstr)

.gnu.version
 *(.gnu.version)

.gnu.version_d
 *(.gnu.version_d)

.gnu.version_r
 *(.gnu.version_r)

.rel.init
 *(.rel.init)

.rela.init
 *(.rela.init)

.rel.text
 *(.rel.text)
 *(.rel.text.*)
 *(.rel.gnu.linkonce.t*)

.rela.text
 *(.rela.text)
 *(.rela.text.*)
 *(.rela.gnu.linkonce.t*)

.rel.fini
 *(.rel.fini)

.rela.fini
 *(.rela.fini)

.rel.rodata
 *(.rel.rodata)
 *(.rel.rodata.*)
 *(.rel.gnu.linkonce.r*)

.rela.rodata
 *(.rela.rodata)
 *(.rela.rodata.*)
 *(.rela.gnu.linkonce.r*)

.rel.data
 *(.rel.data)
 *(.rel.data.*)
 *(.rel.gnu.linkonce.d*)

.rela.data
 *(.rela.data)
 *(.rela.data.*)
 *(.rela.gnu.linkonce.d*)

.rel.ctors
 *(.rel.ctors)

.rela.ctors
 *(.rela.ctors)

.rel.dtors
 *(.rel.dtors)

.rela.dtors
 *(.rela.dtors)

.rel.got
 *(.rel.got)

.rela.got
 *(.rela.got)

.rel.bss
 *(.rel.bss)

.rela.bss
 *(.rela.bss)

.rel.plt
 *(.rel.plt)

.rela.plt
 *(.rela.plt)

.text           0x0000000000000000     0x39ba
 *(.vectors)
 .vectors       0x0000000000000000       0xe4 /usr/lib/gcc/avr/4.8.2/../../../../avr/lib/avr6/crtm2560.o
                0x0000000000000000                __vectors
                0x0000000000000000                __vector_default
 *(.vectors)
 *(.progmem.gcc*)
 *(.progmem*)
                0x00000000000000e4                . = ALIGN (0x2)
                0x00000000000000e4                __trampolines_start = .
 *(.trampolines)
 .trampolines   0x00000000000000e4       0x14 linker stubs
 *(.trampolines*)
                0x00000000000000f8                __trampolines_end = .
 *(.jumptables)
 *(.jumptables*)
 *(.lowtext)
 *(.lowtext*)
                0x00000000000000f8                __ctors_start = .
 *(.ctors)
                0x00000000000000f8                __ctors_end = .
                0x00000000000000f8                __dtors_start = .
 *(.dtors)
                0x00000000000000f8                __dtors_end = .
 SORT(*)(.ctors)
 SORT(*)(.dtors)
 *(.init0)
 .init0         0x00000000000000f8        0x0 /usr/lib/gcc/avr/4.8.2/../../../../avr/lib/avr6/crtm2560.o
                0x00000000000000f8                __init
 *(.init0)
 *(.init1)
 *(.init1)
 *(.init2)
 .init2         0x00000000000000f8       0x10 /usr/lib/gcc/avr/4.8.2/../../../../avr/lib/avr6/crtm2560.o
 *(.init2)
 *(.init3)
 *(.init3)
 *(.init4)
 .init4         0x0000000000000108       0x1a /usr/lib/gcc/avr/4.8.2/avr6/libgcc.a(_copy_data.o)
                0x0000000000000108                __do_copy_data
 .init4         0x0000000000000122       0x10 /usr/lib/gcc/avr/4.8.2/avr6/libgcc.a(_clear_bss.o)
                0x0000000000000122                __do_clear_bss
 *(.init4)
 *(.init5)
 *(.init5)
 *(.init6)
 *(.init6)
 *(.init7)
 *(.init7)
 *(.init8)
 *(.init8)
 *(.init9)
 .init9         0x0000000000000132        0x8 /usr/lib/gcc/avr/4.8.2/../../../../avr/lib/avr6/crtm2560.o
 *(.init9)
 *(.text)
 .text          0x000000000000013a        0x4 /usr/lib/gcc/avr/4.8.2/../../../../avr/lib/avr6/crtm2560.o
                0x000000000000013a                __vector_38
                0x000000000000013a                __vector_22
                0x000000000000013a                __vector_28
                0x000000000000013a                __vector_1
                0x000000000000013a                __vector_34
                0x000000000000013a                __vector_24
                0x000000000000013a                __vector_12
                0x000000000000013a                __vector_55
                0x000000000000013a                __vector_46
                0x000000000000013a                __bad_interrupt
                0x000000000000013a                __vector_6
                0x000000000000013a                __vector_31
                0x000000000000013a                __vector_35
                0x000000000000013a                __vector_39
                0x000000000000013a                __vector_3
                0x000000000000013a                __vector_23
                0x000000000000013a                __vector_30
                0x000000000000013a                __vector_45
                0x000000000000013a                __vector_25
                0x000000000000013a                __vector_54
                0x000000000000013a                __vector_13
                0x000000000000013a                __vector_17
                0x000000000000013a                __vector_19
                0x000000000000013a                __vector_56
                0x000000000000013a                __vector_7
                0x000000000000013a                __vector_49
                0x000000000000013a                __vector_41
                0x000000000000013a                __vector_43
                0x000000000000013a                __vector_27
                0x000000000000013a                __vector_5
                0x000000000000013a                __vector_33
                0x000000000000013a                __vector_47
                0x000000000000013a                __vector_52
                0x000000000000013a                __vector_37
                0x000000000000013a                __vector_4
                0x000000000000013a                __vector_44
                0x000000000000013a                __vector_51
                0x000000000000013a                __vector_9
                0x000000000000013a                __vector_2
                0x000000000000013a                __vector_21
                0x000000000000013a                __vector_15
                0x000000000000013a                __vector_36
                0x000000000000013a                __vector_29
                0x000000000000013a                __vector_40
                0x000000000000013a                __vector_8
                0x000000000000013a                __vector_26
                0x000000000000013a                __vector_48
                0x000000000000013a                __vector_14
                0x000000000000013a                __vector_53
                0x000000000000013a                __vector_10
                0x000000000000013a                __vector_16
                0x000000000000013a                __vector_18
                0x000000000000013a                __vector_20
                0x000000000000013a                __vector_42
 .text          0x000000000000013e      0x350 main.o
                0x000000000000013e                vApplicationTickHook
                0x000000000000015e                main
                0x0000000000000284                printHex
                0x0000000000000344                printNum
                0x00000000000003be                __vector_50
                0x0000000000000428                getTimerCount2
                0x0000000000000442                vTaskFunction_1
                0x000000000000046c                vIO_init
 .text          0x000000000000048e     0x1288 tasks.o
                0x000000000000048e                xTaskGenericCreate
                0x0000000000000676                vTaskDelayUntil
                0x0000000000000768                vTaskDelay
                0x00000000000007d2                vTaskSuspend
                0x000000000000088c                xTaskIsTaskSuspended
                0x00000000000008f0                vTaskResume
                0x00000000000009be                xTaskResumeFromISR
                0x0000000000000a8c                vTaskStartScheduler
                0x0000000000000af8                vTaskEndScheduler
                0x0000000000000b10                vTaskSuspendAll
                0x0000000000000b28                xTaskResumeAll
                0x0000000000000c30                xTaskGetTickCount
                0x0000000000000c60                xTaskGetTickCountFromISR
                0x0000000000000c88                uxTaskGetNumberOfTasks
                0x0000000000000c9a                vTaskIncrementTick
                0x0000000000000e64                vTaskSwitchContext
                0x0000000000000f40                vTaskPlaceOnEventList
                0x0000000000000fca                xTaskRemoveFromEventList
                0x000000000000109e                vTaskSetTimeOutState
                0x00000000000010d6                xTaskCheckForTimeOut
                0x00000000000011b4                vTaskMissedYield
                0x00000000000014a6                uxTaskGetStackHighWaterMark
                0x0000000000001504                xTaskGetCurrentTaskHandle
                0x000000000000152a                vTaskPriorityInherit
                0x000000000000164a                vTaskPriorityDisinherit
 .text          0x0000000000001716      0xb5a queue.o
                0x0000000000001716                xQueueGenericReset
                0x000000000000182a                xQueueGenericCreate
                0x00000000000018ec                xQueueCreateMutex
                0x0000000000001998                xQueueGenericSend
                0x0000000000001ae0                xQueueGenericSendFromISR
                0x0000000000001b92                xQueueGenericReceive
                0x0000000000001d6c                xQueueReceiveFromISR
                0x0000000000001e26                uxQueueMessagesWaiting
                0x0000000000001e56                uxQueueMessagesWaitingFromISR
                0x0000000000001e7c                vQueueDelete
                0x00000000000021cc                xQueueIsQueueEmptyFromISR
                0x000000000000223a                xQueueIsQueueFullFromISR
 .text          0x0000000000002270      0x2de list.o
                0x0000000000002270                vListInitialise
                0x00000000000022dc                vListInitialiseItem
                0x0000000000002300                vListInsertEnd
                0x00000000000023ae                vListInsert
                0x00000000000024a0                uxListRemove
 .text          0x000000000000254e      0x5f0 croutine.o
                0x000000000000254e                xCoRoutineCreate
                0x0000000000002686                vCoRoutineAddToDelayedList
                0x0000000000002952                vCoRoutineSchedule
                0x0000000000002acc                xCoRoutineRemoveFromEventList
 .text          0x0000000000002b3e       0xde heap_1.o
                0x0000000000002b3e                pvPortMalloc
                0x0000000000002bca                vPortFree
                0x0000000000002be4                vPortInitialiseBlocks
                0x0000000000002bfa                xPortGetFreeHeapSize
 .text          0x0000000000002c1c      0x656 port.o
                0x0000000000002c1c                pxPortInitialiseStack
                0x0000000000002fa4                xPortStartScheduler
                0x0000000000003016                vPortEndScheduler
                0x0000000000003024                vPortYield
                0x00000000000030e6                vPortYieldFromTick
                0x000000000000326c                __vector_32
 .text          0x0000000000003272      0x3f6 usart.o
                0x0000000000003272                USART_Init
                0x000000000000334c                USART_Write
                0x0000000000003380                USART_Write_Unprotected
                0x00000000000033b4                USART_Read
                0x00000000000033d8                ISR
                0x0000000000003414                USART_AddToQueue
                0x0000000000003440                USART_TransmitString
                0x000000000000347e                vTaskUARTWrite
                0x00000000000034d6                vTaskUARTRead
                0x00000000000035f6                sendACK
                0x000000000000360a                sendNACK
                0x000000000000361e                calcChecksum
 .text          0x0000000000003668      0x242 sonar.o
                0x0000000000003668                setSonarData
                0x0000000000003692                getSonarData
                0x00000000000036b8                getTimerCount
                0x00000000000036ce                __vector_11
                0x00000000000037ac                initializeSonarSensors
                0x0000000000003800                vTaskSonar
 .text          0x00000000000038aa        0x0 /usr/lib/gcc/avr/4.8.2/avr6/libgcc.a(_udivmodsi4.o)
 .text          0x00000000000038aa        0x0 /usr/lib/gcc/avr/4.8.2/avr6/libgcc.a(_exit.o)
 .text          0x00000000000038aa        0x0 /usr/lib/gcc/avr/4.8.2/avr6/libgcc.a(_copy_data.o)
 .text          0x00000000000038aa        0x0 /usr/lib/gcc/avr/4.8.2/avr6/libgcc.a(_clear_bss.o)
 .text          0x00000000000038aa        0x0 /usr/lib/gcc/avr/4.8.2/../../../../avr/lib/avr6/libc.a(memcpy.o)
 .text          0x00000000000038aa        0x0 /usr/lib/gcc/avr/4.8.2/../../../../avr/lib/avr6/libc.a(memset.o)
 .text          0x00000000000038aa        0x0 /usr/lib/gcc/avr/4.8.2/../../../../avr/lib/avr6/libc.a(strncpy.o)
 .text          0x00000000000038aa        0x0 /usr/lib/gcc/avr/4.8.2/../../../../avr/lib/avr6/libc.a(itoa.o)
 .text          0x00000000000038aa        0x0 /usr/lib/gcc/avr/4.8.2/../../../../avr/lib/avr6/libc.a(strrev.o)
 .text          0x00000000000038aa        0x0 /usr/lib/gcc/avr/4.8.2/avr6/libgcc.a(_udivmodhi4.o)
                0x00000000000038aa                . = ALIGN (0x2)
 *(.text.*)
 .text.libgcc.mul
                0x00000000000038aa        0x0 /usr/lib/gcc/avr/4.8.2/avr6/libgcc.a(_udivmodsi4.o)
 .text.libgcc.div
                0x00000000000038aa       0x44 /usr/lib/gcc/avr/4.8.2/avr6/libgcc.a(_udivmodsi4.o)
                0x00000000000038aa                __udivmodsi4
 .text.libgcc   0x00000000000038ee        0x0 /usr/lib/gcc/avr/4.8.2/avr6/libgcc.a(_udivmodsi4.o)
 .text.libgcc.prologue
                0x00000000000038ee        0x0 /usr/lib/gcc/avr/4.8.2/avr6/libgcc.a(_udivmodsi4.o)
 .text.libgcc.builtins
                0x00000000000038ee        0x0 /usr/lib/gcc/avr/4.8.2/avr6/libgcc.a(_udivmodsi4.o)
 .text.libgcc.fmul
                0x00000000000038ee        0x0 /usr/lib/gcc/avr/4.8.2/avr6/libgcc.a(_udivmodsi4.o)
 .text.libgcc.fixed
                0x00000000000038ee        0x0 /usr/lib/gcc/avr/4.8.2/avr6/libgcc.a(_udivmodsi4.o)
 .text.libgcc.mul
                0x00000000000038ee        0x0 /usr/lib/gcc/avr/4.8.2/avr6/libgcc.a(_exit.o)
 .text.libgcc.div
                0x00000000000038ee        0x0 /usr/lib/gcc/avr/4.8.2/avr6/libgcc.a(_exit.o)
 .text.libgcc   0x00000000000038ee        0x0 /usr/lib/gcc/avr/4.8.2/avr6/libgcc.a(_exit.o)
 .text.libgcc.prologue
                0x00000000000038ee        0x0 /usr/lib/gcc/avr/4.8.2/avr6/libgcc.a(_exit.o)
 .text.libgcc.builtins
                0x00000000000038ee        0x0 /usr/lib/gcc/avr/4.8.2/avr6/libgcc.a(_exit.o)
 .text.libgcc.fmul
                0x00000000000038ee        0x0 /usr/lib/gcc/avr/4.8.2/avr6/libgcc.a(_exit.o)
 .text.libgcc.fixed
                0x00000000000038ee        0x0 /usr/lib/gcc/avr/4.8.2/avr6/libgcc.a(_exit.o)
 .text.libgcc.mul
                0x00000000000038ee        0x0 /usr/lib/gcc/avr/4.8.2/avr6/libgcc.a(_copy_data.o)
 .text.libgcc.div
                0x00000000000038ee        0x0 /usr/lib/gcc/avr/4.8.2/avr6/libgcc.a(_copy_data.o)
 .text.libgcc   0x00000000000038ee        0x0 /usr/lib/gcc/avr/4.8.2/avr6/libgcc.a(_copy_data.o)
 .text.libgcc.prologue
                0x00000000000038ee        0x0 /usr/lib/gcc/avr/4.8.2/avr6/libgcc.a(_copy_data.o)
 .text.libgcc.builtins
                0x00000000000038ee        0x0 /usr/lib/gcc/avr/4.8.2/avr6/libgcc.a(_copy_data.o)
 .text.libgcc.fmul
                0x00000000000038ee        0x0 /usr/lib/gcc/avr/4.8.2/avr6/libgcc.a(_copy_data.o)
 .text.libgcc.fixed
                0x00000000000038ee        0x0 /usr/lib/gcc/avr/4.8.2/avr6/libgcc.a(_copy_data.o)
 .text.libgcc.mul
                0x00000000000038ee        0x0 /usr/lib/gcc/avr/4.8.2/avr6/libgcc.a(_clear_bss.o)
 .text.libgcc.div
                0x00000000000038ee        0x0 /usr/lib/gcc/avr/4.8.2/avr6/libgcc.a(_clear_bss.o)
 .text.libgcc   0x00000000000038ee        0x0 /usr/lib/gcc/avr/4.8.2/avr6/libgcc.a(_clear_bss.o)
 .text.libgcc.prologue
                0x00000000000038ee        0x0 /usr/lib/gcc/avr/4.8.2/avr6/libgcc.a(_clear_bss.o)
 .text.libgcc.builtins
                0x00000000000038ee        0x0 /usr/lib/gcc/avr/4.8.2/avr6/libgcc.a(_clear_bss.o)
 .text.libgcc.fmul
                0x00000000000038ee        0x0 /usr/lib/gcc/avr/4.8.2/avr6/libgcc.a(_clear_bss.o)
 .text.libgcc.fixed
                0x00000000000038ee        0x0 /usr/lib/gcc/avr/4.8.2/avr6/libgcc.a(_clear_bss.o)
 .text.avr-libc
                0x00000000000038ee       0x12 /usr/lib/gcc/avr/4.8.2/../../../../avr/lib/avr6/libc.a(memcpy.o)
                0x00000000000038ee                memcpy
 .text.avr-libc
                0x0000000000003900        0xe /usr/lib/gcc/avr/4.8.2/../../../../avr/lib/avr6/libc.a(memset.o)
                0x0000000000003900                memset
 .text.avr-libc
                0x000000000000390e       0x1e /usr/lib/gcc/avr/4.8.2/../../../../avr/lib/avr6/libc.a(strncpy.o)
                0x000000000000390e                strncpy
 .text.avr-libc
                0x000000000000392c       0x42 /usr/lib/gcc/avr/4.8.2/../../../../avr/lib/avr6/libc.a(itoa.o)
                0x000000000000392c                itoa
 .text.avr-libc
                0x000000000000396e       0x20 /usr/lib/gcc/avr/4.8.2/../../../../avr/lib/avr6/libc.a(strrev.o)
                0x000000000000396e                strrev
 .text.libgcc.mul
                0x000000000000398e        0x0 /usr/lib/gcc/avr/4.8.2/avr6/libgcc.a(_udivmodhi4.o)
 .text.libgcc.div
                0x000000000000398e       0x28 /usr/lib/gcc/avr/4.8.2/avr6/libgcc.a(_udivmodhi4.o)
                0x000000000000398e                __udivmodhi4
 .text.libgcc   0x00000000000039b6        0x0 /usr/lib/gcc/avr/4.8.2/avr6/libgcc.a(_udivmodhi4.o)
 .text.libgcc.prologue
                0x00000000000039b6        0x0 /usr/lib/gcc/avr/4.8.2/avr6/libgcc.a(_udivmodhi4.o)
 .text.libgcc.builtins
                0x00000000000039b6        0x0 /usr/lib/gcc/avr/4.8.2/avr6/libgcc.a(_udivmodhi4.o)
 .text.libgcc.fmul
                0x00000000000039b6        0x0 /usr/lib/gcc/avr/4.8.2/avr6/libgcc.a(_udivmodhi4.o)
 .text.libgcc.fixed
                0x00000000000039b6        0x0 /usr/lib/gcc/avr/4.8.2/avr6/libgcc.a(_udivmodhi4.o)
                0x00000000000039b6                . = ALIGN (0x2)
 *(.fini9)
 .fini9         0x00000000000039b6        0x0 /usr/lib/gcc/avr/4.8.2/avr6/libgcc.a(_exit.o)
                0x00000000000039b6                exit
                0x00000000000039b6                _exit
 *(.fini9)
 *(.fini8)
 *(.fini8)
 *(.fini7)
 *(.fini7)
 *(.fini6)
 *(.fini6)
 *(.fini5)
 *(.fini5)
 *(.fini4)
 *(.fini4)
 *(.fini3)
 *(.fini3)
 *(.fini2)
 *(.fini2)
 *(.fini1)
 *(.fini1)
 *(.fini0)
 .fini0         0x00000000000039b6        0x4 /usr/lib/gcc/avr/4.8.2/avr6/libgcc.a(_exit.o)
 *(.fini0)
                0x00000000000039ba                _etext = .

.data           0x0000000000800200       0x1a load address 0x00000000000039ba
                0x0000000000800200                PROVIDE (__data_start, .)
 *(.data)
 .data          0x0000000000800200        0x0 /usr/lib/gcc/avr/4.8.2/../../../../avr/lib/avr6/crtm2560.o
 .data          0x0000000000800200        0x0 main.o
 .data          0x0000000000800200        0x2 tasks.o
 .data          0x0000000000800202        0x0 queue.o
 .data          0x0000000000800202        0x0 list.o
 .data          0x0000000000800202        0x0 croutine.o
 .data          0x0000000000800202        0x0 heap_1.o
 .data          0x0000000000800202        0x0 port.o
 .data          0x0000000000800202        0x0 usart.o
 .data          0x0000000000800202        0x0 sonar.o
 .data          0x0000000000800202        0x0 /usr/lib/gcc/avr/4.8.2/avr6/libgcc.a(_udivmodsi4.o)
 .data          0x0000000000800202        0x0 /usr/lib/gcc/avr/4.8.2/avr6/libgcc.a(_exit.o)
 .data          0x0000000000800202        0x0 /usr/lib/gcc/avr/4.8.2/avr6/libgcc.a(_copy_data.o)
 .data          0x0000000000800202        0x0 /usr/lib/gcc/avr/4.8.2/avr6/libgcc.a(_clear_bss.o)
 .data          0x0000000000800202        0x0 /usr/lib/gcc/avr/4.8.2/../../../../avr/lib/avr6/libc.a(memcpy.o)
 .data          0x0000000000800202        0x0 /usr/lib/gcc/avr/4.8.2/../../../../avr/lib/avr6/libc.a(memset.o)
 .data          0x0000000000800202        0x0 /usr/lib/gcc/avr/4.8.2/../../../../avr/lib/avr6/libc.a(strncpy.o)
 .data          0x0000000000800202        0x0 /usr/lib/gcc/avr/4.8.2/../../../../avr/lib/avr6/libc.a(itoa.o)
 .data          0x0000000000800202        0x0 /usr/lib/gcc/avr/4.8.2/../../../../avr/lib/avr6/libc.a(strrev.o)
 .data          0x0000000000800202        0x0 /usr/lib/gcc/avr/4.8.2/avr6/libgcc.a(_udivmodhi4.o)
 *(.data*)
 *(.rodata)
 .rodata        0x0000000000800202       0x13 main.o
 .rodata        0x0000000000800215        0x5 tasks.o
 *(.rodata*)
 *(.gnu.linkonce.d*)
                0x000000000080021a                . = ALIGN (0x2)
                0x000000000080021a                _edata = .
                0x000000000080021a                PROVIDE (__data_end, .)

.bss            0x000000000080021a     0x18b3
                0x000000000080021a                PROVIDE (__bss_start, .)
 *(.bss)
 .bss           0x000000000080021a        0x0 /usr/lib/gcc/avr/4.8.2/../../../../avr/lib/avr6/crtm2560.o
 .bss           0x000000000080021a        0x2 main.o
                0x000000000080021a                count
 .bss           0x000000000080021c       0x59 tasks.o
                0x000000000080021c                pxCurrentTCB
 .bss           0x0000000000800275        0x0 queue.o
 .bss           0x0000000000800275        0x0 list.o
 .bss           0x0000000000800275       0x3a croutine.o
                0x0000000000800275                pxCurrentCoRoutine
 .bss           0x00000000008002af     0x1802 heap_1.o
 .bss           0x0000000000801ab1        0x0 port.o
 .bss           0x0000000000801ab1        0x0 usart.o
 .bss           0x0000000000801ab1        0x1 sonar.o
                0x0000000000801ab1                lastSonarData
 .bss           0x0000000000801ab2        0x0 /usr/lib/gcc/avr/4.8.2/avr6/libgcc.a(_udivmodsi4.o)
 .bss           0x0000000000801ab2        0x0 /usr/lib/gcc/avr/4.8.2/avr6/libgcc.a(_exit.o)
 .bss           0x0000000000801ab2        0x0 /usr/lib/gcc/avr/4.8.2/avr6/libgcc.a(_copy_data.o)
 .bss           0x0000000000801ab2        0x0 /usr/lib/gcc/avr/4.8.2/avr6/libgcc.a(_clear_bss.o)
 .bss           0x0000000000801ab2        0x0 /usr/lib/gcc/avr/4.8.2/../../../../avr/lib/avr6/libc.a(memcpy.o)
 .bss           0x0000000000801ab2        0x0 /usr/lib/gcc/avr/4.8.2/../../../../avr/lib/avr6/libc.a(memset.o)
 .bss           0x0000000000801ab2        0x0 /usr/lib/gcc/avr/4.8.2/../../../../avr/lib/avr6/libc.a(strncpy.o)
 .bss           0x0000000000801ab2        0x0 /usr/lib/gcc/avr/4.8.2/../../../../avr/lib/avr6/libc.a(itoa.o)
 .bss           0x0000000000801ab2        0x0 /usr/lib/gcc/avr/4.8.2/../../../../avr/lib/avr6/libc.a(strrev.o)
 .bss           0x0000000000801ab2        0x0 /usr/lib/gcc/avr/4.8.2/avr6/libgcc.a(_udivmodhi4.o)
 *(.bss*)
 *(COMMON)
 COMMON         0x0000000000801ab2        0x2 main.o
                0x0000000000801ab2                sonarTime
 COMMON         0x0000000000801ab4        0x4 usart.o
                0x0000000000801ab4                USART_ReadQueue
                0x0000000000801ab6                USART_WriteQueue
 COMMON         0x0000000000801ab8       0x15 sonar.o
                0x0000000000801ab8                sonarData
                0x0000000000801abe                sonarSemaphore
                0x0000000000801ac0                sonarDataMutex
                0x0000000000801acc                currSonar
                0x0000000000801acd                PROVIDE (__bss_end, .)
                0x00000000000039ba                __data_load_start = LOADADDR (.data)
                0x00000000000039d4                __data_load_end = (__data_load_start + SIZEOF (.data))

.noinit         0x0000000000801acd        0x0
                0x0000000000801acd                PROVIDE (__noinit_start, .)
 *(.noinit*)
                0x0000000000801acd                PROVIDE (__noinit_end, .)
                0x0000000000801acd                _end = .
                0x0000000000801acd                PROVIDE (__heap_start, .)

.eeprom         0x0000000000810000        0x0
 *(.eeprom*)
                0x0000000000810000                __eeprom_end = .

.fuse
 *(.fuse)
 *(.lfuse)
 *(.hfuse)
 *(.efuse)

.lock
 *(.lock*)

.signature
 *(.signature*)

.stab           0x0000000000000000     0x83dc
 *(.stab)
 .stab          0x0000000000000000      0x6e4 /usr/lib/gcc/avr/4.8.2/../../../../avr/lib/avr6/crtm2560.o
 .stab          0x00000000000006e4      0xbd0 main.o
                                        0xbdc (size before relaxing)
 .stab          0x00000000000012b4     0x2130 tasks.o
                                       0x24c0 (size before relaxing)
 .stab          0x00000000000033e4     0x1674 queue.o
                                       0x18e4 (size before relaxing)
 .stab          0x0000000000004a58      0x6e4 list.o
                                        0x9cc (size before relaxing)
 .stab          0x000000000000513c      0xbc4 croutine.o
                                        0xeb8 (size before relaxing)
 .stab          0x0000000000005d00      0x528 heap_1.o
                                        0x888 (size before relaxing)
 .stab          0x0000000000006228      0xb1c port.o
                                        0xe70 (size before relaxing)
 .stab          0x0000000000006d44      0xb58 usart.o
                                        0xde0 (size before relaxing)
 .stab          0x000000000000789c      0x6fc sonar.o
                                        0x984 (size before relaxing)
 .stab          0x0000000000007f98       0x84 /usr/lib/gcc/avr/4.8.2/../../../../avr/lib/avr6/libc.a(memcpy.o)
                                         0x90 (size before relaxing)
 .stab          0x000000000000801c       0x6c /usr/lib/gcc/avr/4.8.2/../../../../avr/lib/avr6/libc.a(memset.o)
                                         0x78 (size before relaxing)
 .stab          0x0000000000008088       0xcc /usr/lib/gcc/avr/4.8.2/../../../../avr/lib/avr6/libc.a(strncpy.o)
                                         0xd8 (size before relaxing)
 .stab          0x0000000000008154      0x1b0 /usr/lib/gcc/avr/4.8.2/../../../../avr/lib/avr6/libc.a(itoa.o)
                                        0x1bc (size before relaxing)
 .stab          0x0000000000008304       0xd8 /usr/lib/gcc/avr/4.8.2/../../../../avr/lib/avr6/libc.a(strrev.o)
                                         0xe4 (size before relaxing)

.stabstr        0x0000000000000000     0x39a4
 *(.stabstr)
 .stabstr       0x0000000000000000     0x39a4 /usr/lib/gcc/avr/4.8.2/../../../../avr/lib/avr6/crtm2560.o

.stab.excl
 *(.stab.excl)

.stab.exclstr
 *(.stab.exclstr)

.stab.index
 *(.stab.index)

.stab.indexstr
 *(.stab.indexstr)

.comment        0x0000000000000000       0x11
 *(.comment)
 .comment       0x0000000000000000       0x11 main.o
                                         0x12 (size before relaxing)
 .comment       0x0000000000000000       0x12 tasks.o
 .comment       0x0000000000000000       0x12 queue.o
 .comment       0x0000000000000000       0x12 list.o
 .comment       0x0000000000000000       0x12 croutine.o
 .comment       0x0000000000000000       0x12 heap_1.o
 .comment       0x0000000000000000       0x12 port.o
 .comment       0x0000000000000000       0x12 usart.o
 .comment       0x0000000000000000       0x12 sonar.o

.debug
 *(.debug)

.line
 *(.line)

.debug_srcinfo
 *(.debug_srcinfo)

.debug_sfnames
 *(.debug_sfnames)

.debug_aranges
 *(.debug_aranges)

.debug_pubnames
 *(.debug_pubnames)

.debug_info
 *(.debug_info)
 *(.gnu.linkonce.wi.*)

.debug_abbrev
 *(.debug_abbrev)

.debug_line
 *(.debug_line)

.debug_frame
 *(.debug_frame)

.debug_str
 *(.debug_str)

.debug_loc
 *(.debug_loc)

.debug_macinfo
 *(.debug_macinfo)

.debug_pubtypes
 *(.debug_pubtypes)

.debug_ranges
 *(.debug_ranges)

.debug_macro
 *(.debug_macro)
OUTPUT(rtosdemo.elf elf32-avr)
LOAD linker stubs

Cross Reference Table

Symbol                                            File
ISR                                               usart.o
USART_AddToQueue                                  usart.o
USART_Init                                        usart.o
                                                  main.o
USART_Read                                        usart.o
USART_ReadQueue                                   usart.o
USART_TransmitString                              usart.o
USART_Write                                       usart.o
                                                  main.o
USART_WriteQueue                                  usart.o
USART_Write_Unprotected                           usart.o
__bad_interrupt                                   /usr/lib/gcc/avr/4.8.2/../../../../avr/lib/avr6/crtm2560.o
__bss_end                                         /usr/lib/gcc/avr/4.8.2/avr6/libgcc.a(_clear_bss.o)
__bss_start                                       /usr/lib/gcc/avr/4.8.2/avr6/libgcc.a(_clear_bss.o)
__data_end                                        /usr/lib/gcc/avr/4.8.2/avr6/libgcc.a(_copy_data.o)
__data_load_start                                 /usr/lib/gcc/avr/4.8.2/avr6/libgcc.a(_copy_data.o)
__data_start                                      /usr/lib/gcc/avr/4.8.2/avr6/libgcc.a(_copy_data.o)
__do_clear_bss                                    /usr/lib/gcc/avr/4.8.2/avr6/libgcc.a(_clear_bss.o)
                                                  sonar.o
                                                  usart.o
                                                  heap_1.o
                                                  croutine.o
                                                  tasks.o
                                                  main.o
__do_copy_data                                    /usr/lib/gcc/avr/4.8.2/avr6/libgcc.a(_copy_data.o)
                                                  tasks.o
                                                  main.o
__heap_end                                        /usr/lib/gcc/avr/4.8.2/../../../../avr/lib/avr6/crtm2560.o
__init                                            /usr/lib/gcc/avr/4.8.2/../../../../avr/lib/avr6/crtm2560.o
__stack                                           /usr/lib/gcc/avr/4.8.2/../../../../avr/lib/avr6/crtm2560.o
__udivmodhi4                                      /usr/lib/gcc/avr/4.8.2/avr6/libgcc.a(_udivmodhi4.o)
                                                  /usr/lib/gcc/avr/4.8.2/../../../../avr/lib/avr6/libc.a(itoa.o)
__udivmodsi4                                      /usr/lib/gcc/avr/4.8.2/avr6/libgcc.a(_udivmodsi4.o)
                                                  usart.o
__vector_1                                        /usr/lib/gcc/avr/4.8.2/../../../../avr/lib/avr6/crtm2560.o
__vector_10                                       /usr/lib/gcc/avr/4.8.2/../../../../avr/lib/avr6/crtm2560.o
__vector_11                                       sonar.o
                                                  /usr/lib/gcc/avr/4.8.2/../../../../avr/lib/avr6/crtm2560.o
__vector_12                                       /usr/lib/gcc/avr/4.8.2/../../../../avr/lib/avr6/crtm2560.o
__vector_13                                       /usr/lib/gcc/avr/4.8.2/../../../../avr/lib/avr6/crtm2560.o
__vector_14                                       /usr/lib/gcc/avr/4.8.2/../../../../avr/lib/avr6/crtm2560.o
__vector_15                                       /usr/lib/gcc/avr/4.8.2/../../../../avr/lib/avr6/crtm2560.o
__vector_16                                       /usr/lib/gcc/avr/4.8.2/../../../../avr/lib/avr6/crtm2560.o
__vector_17                                       /usr/lib/gcc/avr/4.8.2/../../../../avr/lib/avr6/crtm2560.o
__vector_18                                       /usr/lib/gcc/avr/4.8.2/../../../../avr/lib/avr6/crtm2560.o
__vector_19                                       /usr/lib/gcc/avr/4.8.2/../../../../avr/lib/avr6/crtm2560.o
__vector_2                                        /usr/lib/gcc/avr/4.8.2/../../../../avr/lib/avr6/crtm2560.o
__vector_20                                       /usr/lib/gcc/avr/4.8.2/../../../../avr/lib/avr6/crtm2560.o
__vector_21                                       /usr/lib/gcc/avr/4.8.2/../../../../avr/lib/avr6/crtm2560.o
__vector_22                                       /usr/lib/gcc/avr/4.8.2/../../../../avr/lib/avr6/crtm2560.o
__vector_23                                       /usr/lib/gcc/avr/4.8.2/../../../../avr/lib/avr6/crtm2560.o
__vector_24                                       /usr/lib/gcc/avr/4.8.2/../../../../avr/lib/avr6/crtm2560.o
__vector_25                                       /usr/lib/gcc/avr/4.8.2/../../../../avr/lib/avr6/crtm2560.o
__vector_26                                       /usr/lib/gcc/avr/4.8.2/../../../../avr/lib/avr6/crtm2560.o
__vector_27                                       /usr/lib/gcc/avr/4.8.2/../../../../avr/lib/avr6/crtm2560.o
__vector_28                                       /usr/lib/gcc/avr/4.8.2/../../../../avr/lib/avr6/crtm2560.o
__vector_29                                       /usr/lib/gcc/avr/4.8.2/../../../../avr/lib/avr6/crtm2560.o
__vector_3                                        /usr/lib/gcc/avr/4.8.2/../../../../avr/lib/avr6/crtm2560.o
__vector_30                                       /usr/lib/gcc/avr/4.8.2/../../../../avr/lib/avr6/crtm2560.o
__vector_31                                       /usr/lib/gcc/avr/4.8.2/../../../../avr/lib/avr6/crtm2560.o
__vector_32                                       port.o
                                                  /usr/lib/gcc/avr/4.8.2/../../../../avr/lib/avr6/crtm2560.o
__vector_33                                       /usr/lib/gcc/avr/4.8.2/../../../../avr/lib/avr6/crtm2560.o
__vector_34                                       /usr/lib/gcc/avr/4.8.2/../../../../avr/lib/avr6/crtm2560.o
__vector_35                                       /usr/lib/gcc/avr/4.8.2/../../../../avr/lib/avr6/crtm2560.o
__vector_36                                       /usr/lib/gcc/avr/4.8.2/../../../../avr/lib/avr6/crtm2560.o
__vector_37                                       /usr/lib/gcc/avr/4.8.2/../../../../avr/lib/avr6/crtm2560.o
__vector_38                                       /usr/lib/gcc/avr/4.8.2/../../../../avr/lib/avr6/crtm2560.o
__vector_39                                       /usr/lib/gcc/avr/4.8.2/../../../../avr/lib/avr6/crtm2560.o
__vector_4                                        /usr/lib/gcc/avr/4.8.2/../../../../avr/lib/avr6/crtm2560.o
__vector_40                                       /usr/lib/gcc/avr/4.8.2/../../../../avr/lib/avr6/crtm2560.o
__vector_41                                       /usr/lib/gcc/avr/4.8.2/../../../../avr/lib/avr6/crtm2560.o
__vector_42                                       /usr/lib/gcc/avr/4.8.2/../../../../avr/lib/avr6/crtm2560.o
__vector_43                                       /usr/lib/gcc/avr/4.8.2/../../../../avr/lib/avr6/crtm2560.o
__vector_44                                       /usr/lib/gcc/avr/4.8.2/../../../../avr/lib/avr6/crtm2560.o
__vector_45                                       /usr/lib/gcc/avr/4.8.2/../../../../avr/lib/avr6/crtm2560.o
__vector_46                                       /usr/lib/gcc/avr/4.8.2/../../../../avr/lib/avr6/crtm2560.o
__vector_47                                       /usr/lib/gcc/avr/4.8.2/../../../../avr/lib/avr6/crtm2560.o
__vector_48                                       /usr/lib/gcc/avr/4.8.2/../../../../avr/lib/avr6/crtm2560.o
__vector_49                                       /usr/lib/gcc/avr/4.8.2/../../../../avr/lib/avr6/crtm2560.o
__vector_5                                        /usr/lib/gcc/avr/4.8.2/../../../../avr/lib/avr6/crtm2560.o
__vector_50                                       main.o
                                                  /usr/lib/gcc/avr/4.8.2/../../../../avr/lib/avr6/crtm2560.o
__vector_51                                       /usr/lib/gcc/avr/4.8.2/../../../../avr/lib/avr6/crtm2560.o
__vector_52                                       /usr/lib/gcc/avr/4.8.2/../../../../avr/lib/avr6/crtm2560.o
__vector_53                                       /usr/lib/gcc/avr/4.8.2/../../../../avr/lib/avr6/crtm2560.o
__vector_54                                       /usr/lib/gcc/avr/4.8.2/../../../../avr/lib/avr6/crtm2560.o
__vector_55                                       /usr/lib/gcc/avr/4.8.2/../../../../avr/lib/avr6/crtm2560.o
__vector_56                                       /usr/lib/gcc/avr/4.8.2/../../../../avr/lib/avr6/crtm2560.o
__vector_6                                        /usr/lib/gcc/avr/4.8.2/../../../../avr/lib/avr6/crtm2560.o
__vector_7                                        /usr/lib/gcc/avr/4.8.2/../../../../avr/lib/avr6/crtm2560.o
__vector_8                                        /usr/lib/gcc/avr/4.8.2/../../../../avr/lib/avr6/crtm2560.o
__vector_9                                        /usr/lib/gcc/avr/4.8.2/../../../../avr/lib/avr6/crtm2560.o
__vector_default                                  /usr/lib/gcc/avr/4.8.2/../../../../avr/lib/avr6/crtm2560.o
__vectors                                         /usr/lib/gcc/avr/4.8.2/../../../../avr/lib/avr6/crtm2560.o
_exit                                             /usr/lib/gcc/avr/4.8.2/avr6/libgcc.a(_exit.o)
calcChecksum                                      usart.o
count                                             main.o
currSonar                                         sonar.o
exit                                              /usr/lib/gcc/avr/4.8.2/avr6/libgcc.a(_exit.o)
                                                  /usr/lib/gcc/avr/4.8.2/../../../../avr/lib/avr6/crtm2560.o
getSonarData                                      sonar.o
getTimerCount                                     sonar.o
getTimerCount2                                    main.o
initializeSonarSensors                            sonar.o
itoa                                              /usr/lib/gcc/avr/4.8.2/../../../../avr/lib/avr6/libc.a(itoa.o)
                                                  main.o
lastSonarData                                     sonar.o
main                                              main.o
                                                  /usr/lib/gcc/avr/4.8.2/../../../../avr/lib/avr6/crtm2560.o
memcpy                                            /usr/lib/gcc/avr/4.8.2/../../../../avr/lib/avr6/libc.a(memcpy.o)
                                                  queue.o
memset                                            /usr/lib/gcc/avr/4.8.2/../../../../avr/lib/avr6/libc.a(memset.o)
                                                  tasks.o
                                                  main.o
printHex                                          main.o
printNum                                          main.o
pvPortMalloc                                      heap_1.o
                                                  croutine.o
                                                  queue.o
                                                  tasks.o
pxCurrentCoRoutine                                croutine.o
pxCurrentTCB                                      tasks.o
                                                  port.o
pxPortInitialiseStack                             port.o
                                                  tasks.o
sendACK                                           usart.o
sendNACK                                          usart.o
setSonarData                                      sonar.o
sonarData                                         sonar.o
sonarDataMutex                                    sonar.o
sonarSemaphore                                    sonar.o
sonarTime                                         main.o
strncpy                                           /usr/lib/gcc/avr/4.8.2/../../../../avr/lib/avr6/libc.a(strncpy.o)
                                                  tasks.o
strrev                                            /usr/lib/gcc/avr/4.8.2/../../../../avr/lib/avr6/libc.a(strrev.o)
                                                  /usr/lib/gcc/avr/4.8.2/../../../../avr/lib/avr6/libc.a(itoa.o)
uxListRemove                                      list.o
                                                  croutine.o
                                                  tasks.o
uxQueueMessagesWaiting                            queue.o
uxQueueMessagesWaitingFromISR                     queue.o
uxTaskGetNumberOfTasks                            tasks.o
uxTaskGetStackHighWaterMark                       tasks.o
vApplicationTickHook                              main.o
                                                  tasks.o
vCoRoutineAddToDelayedList                        croutine.o
vCoRoutineSchedule                                croutine.o
vIO_init                                          main.o
vListInitialise                                   list.o
                                                  croutine.o
                                                  queue.o
                                                  tasks.o
vListInitialiseItem                               list.o
                                                  croutine.o
                                                  tasks.o
vListInsert                                       list.o
                                                  croutine.o
                                                  tasks.o
vListInsertEnd                                    list.o
                                                  croutine.o
                                                  tasks.o
vPortEndScheduler                                 port.o
                                                  tasks.o
vPortFree                                         heap_1.o
                                                  queue.o
                                                  tasks.o
vPortInitialiseBlocks                             heap_1.o
vPortYield                                        port.o
                                                  queue.o
                                                  tasks.o
vPortYieldFromTick                                port.o
vQueueDelete                                      queue.o
vTaskDelay                                        tasks.o
                                                  usart.o
                                                  main.o
vTaskDelayUntil                                   tasks.o
vTaskEndScheduler                                 tasks.o
vTaskFunction_1                                   main.o
vTaskIncrementTick                                tasks.o
                                                  port.o
vTaskMissedYield                                  tasks.o
                                                  queue.o
vTaskPlaceOnEventList                             tasks.o
                                                  queue.o
vTaskPriorityDisinherit                           tasks.o
                                                  queue.o
vTaskPriorityInherit                              tasks.o
                                                  queue.o
vTaskResume                                       tasks.o
vTaskSetTimeOutState                              tasks.o
                                                  queue.o
vTaskSonar                                        sonar.o
                                                  main.o
vTaskStartScheduler                               tasks.o
                                                  main.o
vTaskSuspend                                      tasks.o
vTaskSuspendAll                                   tasks.o
                                                  heap_1.o
                                                  queue.o
vTaskSwitchContext                                tasks.o
                                                  port.o
vTaskUARTRead                                     usart.o
                                                  main.o
vTaskUARTWrite                                    usart.o
                                                  main.o
xCoRoutineCreate                                  croutine.o
xCoRoutineRemoveFromEventList                     croutine.o
xPortGetFreeHeapSize                              heap_1.o
xPortStartScheduler                               port.o
                                                  tasks.o
xQueueCreateMutex                                 queue.o
xQueueGenericCreate                               queue.o
                                                  sonar.o
                                                  usart.o
xQueueGenericReceive                              queue.o
                                                  sonar.o
                                                  usart.o
xQueueGenericReset                                queue.o
xQueueGenericSend                                 queue.o
                                                  sonar.o
                                                  usart.o
xQueueGenericSendFromISR                          queue.o
                                                  sonar.o
                                                  usart.o
xQueueIsQueueEmptyFromISR                         queue.o
xQueueIsQueueFullFromISR                          queue.o
xQueueReceiveFromISR                              queue.o
xTaskCheckForTimeOut                              tasks.o
                                                  queue.o
xTaskGenericCreate                                tasks.o
                                                  main.o
xTaskGetCurrentTaskHandle                         tasks.o
                                                  queue.o
xTaskGetTickCount                                 tasks.o
                                                  croutine.o
xTaskGetTickCountFromISR                          tasks.o
xTaskIsTaskSuspended                              tasks.o
xTaskRemoveFromEventList                          tasks.o
                                                  queue.o
xTaskResumeAll                                    tasks.o
                                                  heap_1.o
                                                  queue.o
xTaskResumeFromISR                                tasks.o
