   1               		.file	"Sonar.c"
   2               	__SP_H__ = 0x3e
   3               	__SP_L__ = 0x3d
   4               	__SREG__ = 0x3f
   5               	__RAMPZ__ = 0x3b
   6               	__tmp_reg__ = 0
   7               	__zero_reg__ = 1
  10               		.text
  11               	.Ltext0:
 133               		.comm	sonarSemaphore,2,1
 134               		.comm	sonarDataMutex,12,1
 135               		.comm	sonarData,6,1
 136               		.comm	currSonar,1,1
 137               	.global	lastSonarData
 138               		.section .bss
 141               	lastSonarData:
 142 0000 00        		.zero	1
 143               		.text
 147               	.global	setSonarData
 149               	setSonarData:
 150               		.stabd	46,0,0
   1:Components/Sonar/Sonar.c **** // Code to controller the Sonar sensors
   2:Components/Sonar/Sonar.c **** #include "FreeRTOS.h"
   3:Components/Sonar/Sonar.c **** #include "semphr.h"
   4:Components/Sonar/Sonar.c **** #include <avr/interrupt.h>
   5:Components/Sonar/Sonar.c **** #include <avr/io.h>
   6:Components/Sonar/Sonar.c **** 
   7:Components/Sonar/Sonar.c **** #include "../../protocol.h"
   8:Components/Sonar/Sonar.c **** #include "Sonar.h"
   9:Components/Sonar/Sonar.c **** 
  10:Components/Sonar/Sonar.c **** xSemaphoreHandle* sonarSemaphore;
  11:Components/Sonar/Sonar.c **** xSemaphoreHandle* sonarDataMutex[6];
  12:Components/Sonar/Sonar.c **** 
  13:Components/Sonar/Sonar.c **** unsigned char sonarData[6];
  14:Components/Sonar/Sonar.c **** extern int count;
  15:Components/Sonar/Sonar.c **** 
  16:Components/Sonar/Sonar.c **** unsigned char currSonar;
  17:Components/Sonar/Sonar.c **** unsigned char lastSonarData = 0;
  18:Components/Sonar/Sonar.c ****    
  19:Components/Sonar/Sonar.c **** void setSonarData(int i,unsigned char data){
 152               	.LM0:
 153               	.LFBB1:
 154 0000 CF93      		push r28
 155 0002 DF93      		push r29
 156 0004 00D0      		rcall .
 157 0006 CDB7      		in r28,__SP_L__
 158 0008 DEB7      		in r29,__SP_H__
 159               	/* prologue: function */
 160               	/* frame size = 3 */
 161               	/* stack size = 5 */
 162               	.L__stack_usage = 5
 163 000a 9A83      		std Y+2,r25
 164 000c 8983      		std Y+1,r24
 165 000e 6B83      		std Y+3,r22
  20:Components/Sonar/Sonar.c **** // xSemaphoreTake(sonarDataMutex[i],portMAX_DELAY);
  21:Components/Sonar/Sonar.c ****    sonarData[i] = data;
 167               	.LM1:
 168 0010 8981      		ldd r24,Y+1
 169 0012 9A81      		ldd r25,Y+2
 170 0014 8050      		subi r24,lo8(-(sonarData))
 171 0016 9040      		sbci r25,hi8(-(sonarData))
 172 0018 2B81      		ldd r18,Y+3
 173 001a FC01      		movw r30,r24
 174 001c 2083      		st Z,r18
 175               	/* epilogue start */
  22:Components/Sonar/Sonar.c ****    //xSemaphoreGive(sonarDataMutex[i]);
  23:Components/Sonar/Sonar.c **** }
 177               	.LM2:
 178 001e 0F90      		pop __tmp_reg__
 179 0020 0F90      		pop __tmp_reg__
 180 0022 0F90      		pop __tmp_reg__
 181 0024 DF91      		pop r29
 182 0026 CF91      		pop r28
 183 0028 0895      		ret
 185               	.Lscope1:
 187               		.stabd	78,0,0
 190               	.global	getSonarData
 192               	getSonarData:
 193               		.stabd	46,0,0
  24:Components/Sonar/Sonar.c **** 
  25:Components/Sonar/Sonar.c **** unsigned char getSonarData(int i){
 195               	.LM3:
 196               	.LFBB2:
 197 002a CF93      		push r28
 198 002c DF93      		push r29
 199 002e 1F92      		push __zero_reg__
 200 0030 1F92      		push __zero_reg__
 201 0032 CDB7      		in r28,__SP_L__
 202 0034 DEB7      		in r29,__SP_H__
 203               	/* prologue: function */
 204               	/* frame size = 2 */
 205               	/* stack size = 4 */
 206               	.L__stack_usage = 4
 207 0036 9A83      		std Y+2,r25
 208 0038 8983      		std Y+1,r24
  26:Components/Sonar/Sonar.c ****    //xSemaphoreTake(sonarDataMutex[i],portMAX_DELAY);
  27:Components/Sonar/Sonar.c ****    //return sonarData[i];
  28:Components/Sonar/Sonar.c ****    return i + 2;
 210               	.LM4:
 211 003a 8981      		ldd r24,Y+1
 212 003c 8E5F      		subi r24,lo8(-(2))
 213               	/* epilogue start */
  29:Components/Sonar/Sonar.c ****    //xSemaphoreGive(sonarDataMutex[i]);
  30:Components/Sonar/Sonar.c **** }
 215               	.LM5:
 216 003e 0F90      		pop __tmp_reg__
 217 0040 0F90      		pop __tmp_reg__
 218 0042 DF91      		pop r29
 219 0044 CF91      		pop r28
 220 0046 0895      		ret
 222               	.Lscope2:
 224               		.stabd	78,0,0
 226               	.global	getTimerCount
 228               	getTimerCount:
 229               		.stabd	46,0,0
  31:Components/Sonar/Sonar.c **** 
  32:Components/Sonar/Sonar.c **** unsigned char getTimerCount(){
 231               	.LM6:
 232               	.LFBB3:
 233 0048 CF93      		push r28
 234 004a DF93      		push r29
 235 004c CDB7      		in r28,__SP_L__
 236 004e DEB7      		in r29,__SP_H__
 237               	/* prologue: function */
 238               	/* frame size = 0 */
 239               	/* stack size = 2 */
 240               	.L__stack_usage = 2
  33:Components/Sonar/Sonar.c ****    return TCNT0;
 242               	.LM7:
 243 0050 86E4      		ldi r24,lo8(70)
 244 0052 90E0      		ldi r25,0
 245 0054 FC01      		movw r30,r24
 246 0056 8081      		ld r24,Z
 247               	/* epilogue start */
  34:Components/Sonar/Sonar.c **** }
 249               	.LM8:
 250 0058 DF91      		pop r29
 251 005a CF91      		pop r28
 252 005c 0895      		ret
 254               	.Lscope3:
 256               		.stabd	78,0,0
 258               	.global	__vector_11
 260               	__vector_11:
 261               		.stabd	46,0,0
  35:Components/Sonar/Sonar.c **** 
  36:Components/Sonar/Sonar.c **** inline void setTimerCount(unsigned char i){
  37:Components/Sonar/Sonar.c ****    TCNT0 = i;
  38:Components/Sonar/Sonar.c **** }
  39:Components/Sonar/Sonar.c **** 
  40:Components/Sonar/Sonar.c **** ISR(PCINT2_vect) {
 263               	.LM9:
 264               	.LFBB4:
 265 005e 1F92      		push r1
 266 0060 0F92      		push r0
 267 0062 0090 5F00 		lds r0,95
 268 0066 0F92      		push r0
 269 0068 1124      		clr __zero_reg__
 270 006a 0090 5B00 		lds r0,91
 271 006e 0F92      		push r0
 272 0070 2F93      		push r18
 273 0072 3F93      		push r19
 274 0074 4F93      		push r20
 275 0076 5F93      		push r21
 276 0078 6F93      		push r22
 277 007a 7F93      		push r23
 278 007c 8F93      		push r24
 279 007e 9F93      		push r25
 280 0080 AF93      		push r26
 281 0082 BF93      		push r27
 282 0084 EF93      		push r30
 283 0086 FF93      		push r31
 284 0088 CF93      		push r28
 285 008a DF93      		push r29
 286 008c 00D0      		rcall .
 287 008e CDB7      		in r28,__SP_L__
 288 0090 DEB7      		in r29,__SP_H__
 289               	/* prologue: Signal */
 290               	/* frame size = 3 */
 291               	/* stack size = 21 */
 292               	.L__stack_usage = 21
  41:Components/Sonar/Sonar.c **** 
  42:Components/Sonar/Sonar.c ****    unsigned char beginCount;
  43:Components/Sonar/Sonar.c ****    unsigned char currCount;
  44:Components/Sonar/Sonar.c ****    char i=0;   
 294               	.LM10:
 295 0092 1982      		std Y+1,__zero_reg__
  45:Components/Sonar/Sonar.c **** 
  46:Components/Sonar/Sonar.c ****    if(PINK&(1<<currSonar)){
 297               	.LM11:
 298 0094 86E0      		ldi r24,lo8(6)
 299 0096 91E0      		ldi r25,lo8(1)
 300 0098 FC01      		movw r30,r24
 301 009a 8081      		ld r24,Z
 302 009c 882F      		mov r24,r24
 303 009e 90E0      		ldi r25,0
 304 00a0 2091 0000 		lds r18,currSonar
 305 00a4 222F      		mov r18,r18
 306 00a6 30E0      		ldi r19,0
 307 00a8 022E      		mov r0,r18
 308 00aa 00C0      		rjmp 2f
 309               		1:
 310 00ac 9595      		asr r25
 311 00ae 8795      		ror r24
 312               		2:
 313 00b0 0A94      		dec r0
 314 00b2 02F4      		brpl 1b
 315 00b4 8170      		andi r24,1
 316 00b6 9927      		clr r25
 317 00b8 0097      		sbiw r24,0
 318 00ba 01F0      		breq .L7
  47:Components/Sonar/Sonar.c ****       //USART_AddToQueue('U');
  48:Components/Sonar/Sonar.c ****       beginCount = getTimerCount();
 320               	.LM12:
 321 00bc 0E94 0000 		call getTimerCount
 322 00c0 8A83      		std Y+2,r24
  49:Components/Sonar/Sonar.c ****       PORTE = 0xFF;
 324               	.LM13:
 325 00c2 8EE2      		ldi r24,lo8(46)
 326 00c4 90E0      		ldi r25,0
 327 00c6 2FEF      		ldi r18,lo8(-1)
 328 00c8 FC01      		movw r30,r24
 329 00ca 2083      		st Z,r18
 330 00cc 00C0      		rjmp .L6
 331               	.L7:
  50:Components/Sonar/Sonar.c ****    } else {
  51:Components/Sonar/Sonar.c ****       //USART_AddToQueue('D');
  52:Components/Sonar/Sonar.c ****       currCount = getTimerCount();
 333               	.LM14:
 334 00ce 0E94 0000 		call getTimerCount
 335 00d2 8B83      		std Y+3,r24
  53:Components/Sonar/Sonar.c ****       if(currCount > beginCount){
 337               	.LM15:
 338 00d4 9B81      		ldd r25,Y+3
 339 00d6 8A81      		ldd r24,Y+2
 340 00d8 8917      		cp r24,r25
 341 00da 00F4      		brsh .L9
  54:Components/Sonar/Sonar.c ****          lastSonarData = currCount - beginCount;
 343               	.LM16:
 344 00dc 9B81      		ldd r25,Y+3
 345 00de 8A81      		ldd r24,Y+2
 346 00e0 F92F      		mov r31,r25
 347 00e2 F81B      		sub r31,r24
 348 00e4 8F2F      		mov r24,r31
 349 00e6 8093 0000 		sts lastSonarData,r24
 350               	.L9:
  55:Components/Sonar/Sonar.c ****       }
  56:Components/Sonar/Sonar.c ****       PORTE = 0;
 352               	.LM17:
 353 00ea 8EE2      		ldi r24,lo8(46)
 354 00ec 90E0      		ldi r25,0
 355 00ee FC01      		movw r30,r24
 356 00f0 1082      		st Z,__zero_reg__
  57:Components/Sonar/Sonar.c ****       xSemaphoreGiveFromISR(sonarSemaphore,0);
 358               	.LM18:
 359 00f2 8091 0000 		lds r24,sonarSemaphore
 360 00f6 9091 0000 		lds r25,sonarSemaphore+1
 361 00fa 20E0      		ldi r18,0
 362 00fc 40E0      		ldi r20,0
 363 00fe 50E0      		ldi r21,0
 364 0100 60E0      		ldi r22,0
 365 0102 70E0      		ldi r23,0
 366 0104 0E94 0000 		call xQueueGenericSendFromISR
 367               	.L6:
 368               	/* epilogue start */
  58:Components/Sonar/Sonar.c ****    }
  59:Components/Sonar/Sonar.c **** 
  60:Components/Sonar/Sonar.c **** }
 370               	.LM19:
 371 0108 0F90      		pop __tmp_reg__
 372 010a 0F90      		pop __tmp_reg__
 373 010c 0F90      		pop __tmp_reg__
 374 010e DF91      		pop r29
 375 0110 CF91      		pop r28
 376 0112 FF91      		pop r31
 377 0114 EF91      		pop r30
 378 0116 BF91      		pop r27
 379 0118 AF91      		pop r26
 380 011a 9F91      		pop r25
 381 011c 8F91      		pop r24
 382 011e 7F91      		pop r23
 383 0120 6F91      		pop r22
 384 0122 5F91      		pop r21
 385 0124 4F91      		pop r20
 386 0126 3F91      		pop r19
 387 0128 2F91      		pop r18
 388 012a 0F90      		pop r0
 389 012c 0092 5B00 		sts 91,r0
 390 0130 0F90      		pop r0
 391 0132 0092 5F00 		sts 95,r0
 392 0136 0F90      		pop r0
 393 0138 1F90      		pop r1
 394 013a 1895      		reti
 401               	.Lscope4:
 403               		.stabd	78,0,0
 405               	.global	initializeSonarSensors
 407               	initializeSonarSensors:
 408               		.stabd	46,0,0
  61:Components/Sonar/Sonar.c **** 
  62:Components/Sonar/Sonar.c **** void initializeSonarSensors(){
 410               	.LM20:
 411               	.LFBB5:
 412 013c CF93      		push r28
 413 013e DF93      		push r29
 414 0140 CDB7      		in r28,__SP_L__
 415 0142 DEB7      		in r29,__SP_H__
 416               	/* prologue: function */
 417               	/* frame size = 0 */
 418               	/* stack size = 2 */
 419               	.L__stack_usage = 2
  63:Components/Sonar/Sonar.c ****    //DDRD &= 0xFE;   
  64:Components/Sonar/Sonar.c ****    DIDR2 = 0;
 421               	.LM21:
 422 0144 8DE7      		ldi r24,lo8(125)
 423 0146 90E0      		ldi r25,0
 424 0148 FC01      		movw r30,r24
 425 014a 1082      		st Z,__zero_reg__
  65:Components/Sonar/Sonar.c ****    DDRK = 0;
 427               	.LM22:
 428 014c 87E0      		ldi r24,lo8(7)
 429 014e 91E0      		ldi r25,lo8(1)
 430 0150 FC01      		movw r30,r24
 431 0152 1082      		st Z,__zero_reg__
  66:Components/Sonar/Sonar.c ****    DDRC = 0;
 433               	.LM23:
 434 0154 87E2      		ldi r24,lo8(39)
 435 0156 90E0      		ldi r25,0
 436 0158 FC01      		movw r30,r24
 437 015a 1082      		st Z,__zero_reg__
  67:Components/Sonar/Sonar.c **** 
  68:Components/Sonar/Sonar.c ****    PORTC = 0;
 439               	.LM24:
 440 015c 88E2      		ldi r24,lo8(40)
 441 015e 90E0      		ldi r25,0
 442 0160 FC01      		movw r30,r24
 443 0162 1082      		st Z,__zero_reg__
  69:Components/Sonar/Sonar.c **** 
  70:Components/Sonar/Sonar.c ****    //EICRA = 1;
  71:Components/Sonar/Sonar.c ****    //EIMSK = 1;
  72:Components/Sonar/Sonar.c **** 
  73:Components/Sonar/Sonar.c ****    PCMSK2 = 0xFF;
 445               	.LM25:
 446 0164 8DE6      		ldi r24,lo8(109)
 447 0166 90E0      		ldi r25,0
 448 0168 2FEF      		ldi r18,lo8(-1)
 449 016a FC01      		movw r30,r24
 450 016c 2083      		st Z,r18
  74:Components/Sonar/Sonar.c ****    PCICR = 0x7;
 452               	.LM26:
 453 016e 88E6      		ldi r24,lo8(104)
 454 0170 90E0      		ldi r25,0
 455 0172 27E0      		ldi r18,lo8(7)
 456 0174 FC01      		movw r30,r24
 457 0176 2083      		st Z,r18
  75:Components/Sonar/Sonar.c **** 
  76:Components/Sonar/Sonar.c ****    TCCR0A = 0;
 459               	.LM27:
 460 0178 84E4      		ldi r24,lo8(68)
 461 017a 90E0      		ldi r25,0
 462 017c FC01      		movw r30,r24
 463 017e 1082      		st Z,__zero_reg__
  77:Components/Sonar/Sonar.c ****    TCCR0B = 5;
 465               	.LM28:
 466 0180 85E4      		ldi r24,lo8(69)
 467 0182 90E0      		ldi r25,0
 468 0184 25E0      		ldi r18,lo8(5)
 469 0186 FC01      		movw r30,r24
 470 0188 2083      		st Z,r18
 471               	/* epilogue start */
  78:Components/Sonar/Sonar.c **** 
  79:Components/Sonar/Sonar.c **** }
 473               	.LM29:
 474 018a DF91      		pop r29
 475 018c CF91      		pop r28
 476 018e 0895      		ret
 478               	.Lscope5:
 480               		.stabd	78,0,0
 483               	.global	vTaskSonar
 485               	vTaskSonar:
 486               		.stabd	46,0,0
  80:Components/Sonar/Sonar.c **** 
  81:Components/Sonar/Sonar.c **** void vTaskSonar(void* parameter){
 488               	.LM30:
 489               	.LFBB6:
 490 0190 CF93      		push r28
 491 0192 DF93      		push r29
 492 0194 00D0      		rcall .
 493 0196 1F92      		push __zero_reg__
 494 0198 CDB7      		in r28,__SP_L__
 495 019a DEB7      		in r29,__SP_H__
 496               	/* prologue: function */
 497               	/* frame size = 4 */
 498               	/* stack size = 6 */
 499               	.L__stack_usage = 6
 500 019c 9C83      		std Y+4,r25
 501 019e 8B83      		std Y+3,r24
  82:Components/Sonar/Sonar.c **** 
  83:Components/Sonar/Sonar.c ****    int i;
  84:Components/Sonar/Sonar.c ****    initializeSonarSensors();
 503               	.LM31:
 504 01a0 0E94 0000 		call initializeSonarSensors
  85:Components/Sonar/Sonar.c ****    
  86:Components/Sonar/Sonar.c ****    vSemaphoreCreateBinary(sonarSemaphore);
 506               	.LM32:
 507 01a4 43E0      		ldi r20,lo8(3)
 508 01a6 60E0      		ldi r22,0
 509 01a8 81E0      		ldi r24,lo8(1)
 510 01aa 0E94 0000 		call xQueueGenericCreate
 511 01ae 9093 0000 		sts sonarSemaphore+1,r25
 512 01b2 8093 0000 		sts sonarSemaphore,r24
 513 01b6 8091 0000 		lds r24,sonarSemaphore
 514 01ba 9091 0000 		lds r25,sonarSemaphore+1
 515 01be 0097      		sbiw r24,0
 516 01c0 01F0      		breq .L12
 518               	.LM33:
 519 01c2 8091 0000 		lds r24,sonarSemaphore
 520 01c6 9091 0000 		lds r25,sonarSemaphore+1
 521 01ca 20E0      		ldi r18,0
 522 01cc 40E0      		ldi r20,0
 523 01ce 50E0      		ldi r21,0
 524 01d0 60E0      		ldi r22,0
 525 01d2 70E0      		ldi r23,0
 526 01d4 0E94 0000 		call xQueueGenericSend
 527               	.L12:
  87:Components/Sonar/Sonar.c ****       
  88:Components/Sonar/Sonar.c ****    currSonar = 0;
 529               	.LM34:
 530 01d8 1092 0000 		sts currSonar,__zero_reg__
 531               	.L15:
  89:Components/Sonar/Sonar.c **** 
  90:Components/Sonar/Sonar.c ****    while(1){
  91:Components/Sonar/Sonar.c ****       for(i=0;i<2;i++){
 533               	.LM35:
 534 01dc 1A82      		std Y+2,__zero_reg__
 535 01de 1982      		std Y+1,__zero_reg__
 536 01e0 00C0      		rjmp .L13
 537               	.L14:
  92:Components/Sonar/Sonar.c ****          currSonar = i;
 539               	.LM36:
 540 01e2 8981      		ldd r24,Y+1
 541 01e4 8093 0000 		sts currSonar,r24
  93:Components/Sonar/Sonar.c ****          PORTC = (1<<i);
 543               	.LM37:
 544 01e8 88E2      		ldi r24,lo8(40)
 545 01ea 90E0      		ldi r25,0
 546 01ec 21E0      		ldi r18,lo8(1)
 547 01ee 30E0      		ldi r19,0
 548 01f0 0980      		ldd r0,Y+1
 549 01f2 00C0      		rjmp 2f
 550               		1:
 551 01f4 220F      		lsl r18
 552 01f6 331F      		rol r19
 553               		2:
 554 01f8 0A94      		dec r0
 555 01fa 02F4      		brpl 1b
 556 01fc FC01      		movw r30,r24
 557 01fe 2083      		st Z,r18
  94:Components/Sonar/Sonar.c ****          xSemaphoreTake(sonarSemaphore,portMAX_DELAY);
 559               	.LM38:
 560 0200 8091 0000 		lds r24,sonarSemaphore
 561 0204 9091 0000 		lds r25,sonarSemaphore+1
 562 0208 20E0      		ldi r18,0
 563 020a 4FEF      		ldi r20,lo8(-1)
 564 020c 5FEF      		ldi r21,lo8(-1)
 565 020e 60E0      		ldi r22,0
 566 0210 70E0      		ldi r23,0
 567 0212 0E94 0000 		call xQueueGenericReceive
  95:Components/Sonar/Sonar.c ****          setSonarData(i,lastSonarData);
 569               	.LM39:
 570 0216 2091 0000 		lds r18,lastSonarData
 571 021a 8981      		ldd r24,Y+1
 572 021c 9A81      		ldd r25,Y+2
 573 021e 622F      		mov r22,r18
 574 0220 0E94 0000 		call setSonarData
  91:Components/Sonar/Sonar.c ****       for(i=0;i<2;i++){
 576               	.LM40:
 577 0224 8981      		ldd r24,Y+1
 578 0226 9A81      		ldd r25,Y+2
 579 0228 0196      		adiw r24,1
 580 022a 9A83      		std Y+2,r25
 581 022c 8983      		std Y+1,r24
 582               	.L13:
  91:Components/Sonar/Sonar.c ****       for(i=0;i<2;i++){
 584               	.LM41:
 585 022e 8981      		ldd r24,Y+1
 586 0230 9A81      		ldd r25,Y+2
 587 0232 8230      		cpi r24,2
 588 0234 9105      		cpc r25,__zero_reg__
 589 0236 04F0      		brlt .L14
  96:Components/Sonar/Sonar.c ****       }
  97:Components/Sonar/Sonar.c ****    }
 591               	.LM42:
 592 0238 00C0      		rjmp .L15
 597               	.Lscope6:
 599               		.stabd	78,0,0
 602               	.global	getAllSensors
 604               	getAllSensors:
 605               		.stabd	46,0,0
  98:Components/Sonar/Sonar.c ****             
  99:Components/Sonar/Sonar.c **** } 
 100:Components/Sonar/Sonar.c **** 
 101:Components/Sonar/Sonar.c **** char getAllSensors(unsigned short* responseData){
 607               	.LM43:
 608               	.LFBB7:
 609 023a CF93      		push r28
 610 023c DF93      		push r29
 611 023e 00D0      		rcall .
 612 0240 1F92      		push __zero_reg__
 613 0242 CDB7      		in r28,__SP_L__
 614 0244 DEB7      		in r29,__SP_H__
 615               	/* prologue: function */
 616               	/* frame size = 4 */
 617               	/* stack size = 6 */
 618               	.L__stack_usage = 6
 619 0246 9C83      		std Y+4,r25
 620 0248 8B83      		std Y+3,r24
 102:Components/Sonar/Sonar.c ****    unsigned short i;
 103:Components/Sonar/Sonar.c ****    for(i=0;i<6;i++){
 622               	.LM44:
 623 024a 1A82      		std Y+2,__zero_reg__
 624 024c 1982      		std Y+1,__zero_reg__
 625 024e 00C0      		rjmp .L17
 626               	.L18:
 104:Components/Sonar/Sonar.c ****       //responseData[i] = getSonarData(i);
 105:Components/Sonar/Sonar.c ****       responseData[i] = i+1;
 628               	.LM45:
 629 0250 8981      		ldd r24,Y+1
 630 0252 9A81      		ldd r25,Y+2
 631 0254 880F      		lsl r24
 632 0256 991F      		rol r25
 633 0258 2B81      		ldd r18,Y+3
 634 025a 3C81      		ldd r19,Y+4
 635 025c 820F      		add r24,r18
 636 025e 931F      		adc r25,r19
 637 0260 2981      		ldd r18,Y+1
 638 0262 3A81      		ldd r19,Y+2
 639 0264 2F5F      		subi r18,-1
 640 0266 3F4F      		sbci r19,-1
 641 0268 FC01      		movw r30,r24
 642 026a 3183      		std Z+1,r19
 643 026c 2083      		st Z,r18
 103:Components/Sonar/Sonar.c ****    for(i=0;i<6;i++){
 645               	.LM46:
 646 026e 8981      		ldd r24,Y+1
 647 0270 9A81      		ldd r25,Y+2
 648 0272 0196      		adiw r24,1
 649 0274 9A83      		std Y+2,r25
 650 0276 8983      		std Y+1,r24
 651               	.L17:
 103:Components/Sonar/Sonar.c ****    for(i=0;i<6;i++){
 653               	.LM47:
 654 0278 8981      		ldd r24,Y+1
 655 027a 9A81      		ldd r25,Y+2
 656 027c 8630      		cpi r24,6
 657 027e 9105      		cpc r25,__zero_reg__
 658 0280 00F0      		brlo .L18
 659               	/* epilogue start */
 106:Components/Sonar/Sonar.c ****    }
 107:Components/Sonar/Sonar.c **** }
 661               	.LM48:
 662 0282 0F90      		pop __tmp_reg__
 663 0284 0F90      		pop __tmp_reg__
 664 0286 0F90      		pop __tmp_reg__
 665 0288 0F90      		pop __tmp_reg__
 666 028a DF91      		pop r29
 667 028c CF91      		pop r28
 668 028e 0895      		ret
 673               	.Lscope7:
 675               		.stabd	78,0,0
 679               	.global	getCertainSensor
 681               	getCertainSensor:
 682               		.stabd	46,0,0
 108:Components/Sonar/Sonar.c **** 
 109:Components/Sonar/Sonar.c **** char getCertainSensor(char commandData,int* responseData){
 684               	.LM49:
 685               	.LFBB8:
 686 0290 0F93      		push r16
 687 0292 1F93      		push r17
 688 0294 CF93      		push r28
 689 0296 DF93      		push r29
 690 0298 00D0      		rcall .
 691 029a CDB7      		in r28,__SP_L__
 692 029c DEB7      		in r29,__SP_H__
 693               	/* prologue: function */
 694               	/* frame size = 3 */
 695               	/* stack size = 7 */
 696               	.L__stack_usage = 7
 697 029e 8983      		std Y+1,r24
 698 02a0 7B83      		std Y+3,r23
 699 02a2 6A83      		std Y+2,r22
 110:Components/Sonar/Sonar.c ****    if(commandData < 6){
 701               	.LM50:
 702 02a4 8981      		ldd r24,Y+1
 703 02a6 8630      		cpi r24,lo8(6)
 704 02a8 04F4      		brge .L21
 111:Components/Sonar/Sonar.c ****       responseData[commandData] = getSonarData(commandData);
 706               	.LM51:
 707 02aa 8981      		ldd r24,Y+1
 708 02ac 9927      		clr r25
 709 02ae 87FD      		sbrc r24,7
 710 02b0 9095      		com r25
 711 02b2 880F      		lsl r24
 712 02b4 991F      		rol r25
 713 02b6 2A81      		ldd r18,Y+2
 714 02b8 3B81      		ldd r19,Y+3
 715 02ba 8901      		movw r16,r18
 716 02bc 080F      		add r16,r24
 717 02be 191F      		adc r17,r25
 718 02c0 8981      		ldd r24,Y+1
 719 02c2 9927      		clr r25
 720 02c4 87FD      		sbrc r24,7
 721 02c6 9095      		com r25
 722 02c8 0E94 0000 		call getSonarData
 723 02cc 882F      		mov r24,r24
 724 02ce 90E0      		ldi r25,0
 725 02d0 F801      		movw r30,r16
 726 02d2 9183      		std Z+1,r25
 727 02d4 8083      		st Z,r24
 728               	.L21:
 729               	/* epilogue start */
 112:Components/Sonar/Sonar.c ****    }
 113:Components/Sonar/Sonar.c **** }
 731               	.LM52:
 732 02d6 0F90      		pop __tmp_reg__
 733 02d8 0F90      		pop __tmp_reg__
 734 02da 0F90      		pop __tmp_reg__
 735 02dc DF91      		pop r29
 736 02de CF91      		pop r28
 737 02e0 1F91      		pop r17
 738 02e2 0F91      		pop r16
 739 02e4 0895      		ret
 741               	.Lscope8:
 743               		.stabd	78,0,0
 747               	.global	getSensorGroup
 749               	getSensorGroup:
 750               		.stabd	46,0,0
 114:Components/Sonar/Sonar.c **** 
 115:Components/Sonar/Sonar.c **** char getSensorGroup(char commandData,int* responseData){
 752               	.LM53:
 753               	.LFBB9:
 754 02e6 0F93      		push r16
 755 02e8 1F93      		push r17
 756 02ea CF93      		push r28
 757 02ec DF93      		push r29
 758 02ee 00D0      		rcall .
 759 02f0 CDB7      		in r28,__SP_L__
 760 02f2 DEB7      		in r29,__SP_H__
 761               	/* prologue: function */
 762               	/* frame size = 3 */
 763               	/* stack size = 7 */
 764               	.L__stack_usage = 7
 765 02f4 8983      		std Y+1,r24
 766 02f6 7B83      		std Y+3,r23
 767 02f8 6A83      		std Y+2,r22
 116:Components/Sonar/Sonar.c **** 
 117:Components/Sonar/Sonar.c ****    switch(commandData){
 769               	.LM54:
 770 02fa 8981      		ldd r24,Y+1
 771 02fc 9927      		clr r25
 772 02fe 87FD      		sbrc r24,7
 773 0300 9095      		com r25
 774 0302 8130      		cpi r24,1
 775 0304 9105      		cpc r25,__zero_reg__
 776 0306 01F0      		breq .L24
 777 0308 8230      		cpi r24,2
 778 030a 9105      		cpc r25,__zero_reg__
 779 030c 01F0      		breq .L25
 780 030e 0097      		sbiw r24,0
 781 0310 01F0      		breq .+2
 782 0312 00C0      		rjmp .L27
 118:Components/Sonar/Sonar.c ****       case SONAR_GROUP_LEFT:
 119:Components/Sonar/Sonar.c ****          responseData[0] = getSonarData(0);
 784               	.LM55:
 785 0314 80E0      		ldi r24,0
 786 0316 90E0      		ldi r25,0
 787 0318 0E94 0000 		call getSonarData
 788 031c 282F      		mov r18,r24
 789 031e 30E0      		ldi r19,0
 790 0320 8A81      		ldd r24,Y+2
 791 0322 9B81      		ldd r25,Y+3
 792 0324 FC01      		movw r30,r24
 793 0326 3183      		std Z+1,r19
 794 0328 2083      		st Z,r18
 120:Components/Sonar/Sonar.c ****          responseData[1] = getSonarData(1);
 796               	.LM56:
 797 032a 8A81      		ldd r24,Y+2
 798 032c 9B81      		ldd r25,Y+3
 799 032e 8C01      		movw r16,r24
 800 0330 0E5F      		subi r16,-2
 801 0332 1F4F      		sbci r17,-1
 802 0334 81E0      		ldi r24,lo8(1)
 803 0336 90E0      		ldi r25,0
 804 0338 0E94 0000 		call getSonarData
 805 033c 882F      		mov r24,r24
 806 033e 90E0      		ldi r25,0
 807 0340 F801      		movw r30,r16
 808 0342 9183      		std Z+1,r25
 809 0344 8083      		st Z,r24
 121:Components/Sonar/Sonar.c ****          break;
 811               	.LM57:
 812 0346 00C0      		rjmp .L27
 813               	.L24:
 122:Components/Sonar/Sonar.c ****       case SONAR_GROUP_FRONT:
 123:Components/Sonar/Sonar.c ****          responseData[0] = getSonarData(2);
 815               	.LM58:
 816 0348 82E0      		ldi r24,lo8(2)
 817 034a 90E0      		ldi r25,0
 818 034c 0E94 0000 		call getSonarData
 819 0350 282F      		mov r18,r24
 820 0352 30E0      		ldi r19,0
 821 0354 8A81      		ldd r24,Y+2
 822 0356 9B81      		ldd r25,Y+3
 823 0358 FC01      		movw r30,r24
 824 035a 3183      		std Z+1,r19
 825 035c 2083      		st Z,r18
 124:Components/Sonar/Sonar.c ****          responseData[1] = getSonarData(3);
 827               	.LM59:
 828 035e 8A81      		ldd r24,Y+2
 829 0360 9B81      		ldd r25,Y+3
 830 0362 8C01      		movw r16,r24
 831 0364 0E5F      		subi r16,-2
 832 0366 1F4F      		sbci r17,-1
 833 0368 83E0      		ldi r24,lo8(3)
 834 036a 90E0      		ldi r25,0
 835 036c 0E94 0000 		call getSonarData
 836 0370 882F      		mov r24,r24
 837 0372 90E0      		ldi r25,0
 838 0374 F801      		movw r30,r16
 839 0376 9183      		std Z+1,r25
 840 0378 8083      		st Z,r24
 125:Components/Sonar/Sonar.c ****          break;
 842               	.LM60:
 843 037a 00C0      		rjmp .L27
 844               	.L25:
 126:Components/Sonar/Sonar.c ****       case SONAR_GROUP_RIGHT:
 127:Components/Sonar/Sonar.c ****          responseData[0] = getSonarData(4);
 846               	.LM61:
 847 037c 84E0      		ldi r24,lo8(4)
 848 037e 90E0      		ldi r25,0
 849 0380 0E94 0000 		call getSonarData
 850 0384 282F      		mov r18,r24
 851 0386 30E0      		ldi r19,0
 852 0388 8A81      		ldd r24,Y+2
 853 038a 9B81      		ldd r25,Y+3
 854 038c FC01      		movw r30,r24
 855 038e 3183      		std Z+1,r19
 856 0390 2083      		st Z,r18
 128:Components/Sonar/Sonar.c ****          responseData[1] = getSonarData(5);
 858               	.LM62:
 859 0392 8A81      		ldd r24,Y+2
 860 0394 9B81      		ldd r25,Y+3
 861 0396 8C01      		movw r16,r24
 862 0398 0E5F      		subi r16,-2
 863 039a 1F4F      		sbci r17,-1
 864 039c 85E0      		ldi r24,lo8(5)
 865 039e 90E0      		ldi r25,0
 866 03a0 0E94 0000 		call getSonarData
 867 03a4 882F      		mov r24,r24
 868 03a6 90E0      		ldi r25,0
 869 03a8 F801      		movw r30,r16
 870 03aa 9183      		std Z+1,r25
 871 03ac 8083      		st Z,r24
 129:Components/Sonar/Sonar.c ****          break;
 873               	.LM63:
 874 03ae 0000      		nop
 875               	.L27:
 876               	/* epilogue start */
 130:Components/Sonar/Sonar.c ****    }
 131:Components/Sonar/Sonar.c **** 
 132:Components/Sonar/Sonar.c **** }...
 878               	.LM64:
 879 03b0 0F90      		pop __tmp_reg__
 880 03b2 0F90      		pop __tmp_reg__
 881 03b4 0F90      		pop __tmp_reg__
 882 03b6 DF91      		pop r29
 883 03b8 CF91      		pop r28
 884 03ba 1F91      		pop r17
 885 03bc 0F91      		pop r16
 886 03be 0895      		ret
 888               	.Lscope9:
 890               		.stabd	78,0,0
 897               	.Letext0:
 898               		.ident	"GCC: (GNU) 4.8.2"
 899               	.global __do_clear_bss
DEFINED SYMBOLS
                            *ABS*:0000000000000000 Sonar.c
     /tmp/cclV6VEa.s:2      *ABS*:000000000000003e __SP_H__
     /tmp/cclV6VEa.s:3      *ABS*:000000000000003d __SP_L__
     /tmp/cclV6VEa.s:4      *ABS*:000000000000003f __SREG__
     /tmp/cclV6VEa.s:5      *ABS*:000000000000003b __RAMPZ__
     /tmp/cclV6VEa.s:6      *ABS*:0000000000000000 __tmp_reg__
     /tmp/cclV6VEa.s:7      *ABS*:0000000000000001 __zero_reg__
                            *COM*:0000000000000002 sonarSemaphore
                            *COM*:000000000000000c sonarDataMutex
                            *COM*:0000000000000006 sonarData
                            *COM*:0000000000000001 currSonar
     /tmp/cclV6VEa.s:141    .bss:0000000000000000 lastSonarData
     /tmp/cclV6VEa.s:149    .text:0000000000000000 setSonarData
     /tmp/cclV6VEa.s:192    .text:000000000000002a getSonarData
     /tmp/cclV6VEa.s:228    .text:0000000000000048 getTimerCount
     /tmp/cclV6VEa.s:260    .text:000000000000005e __vector_11
     /tmp/cclV6VEa.s:407    .text:000000000000013c initializeSonarSensors
     /tmp/cclV6VEa.s:485    .text:0000000000000190 vTaskSonar
     /tmp/cclV6VEa.s:604    .text:000000000000023a getAllSensors
     /tmp/cclV6VEa.s:681    .text:0000000000000290 getCertainSensor
     /tmp/cclV6VEa.s:749    .text:00000000000002e6 getSensorGroup

UNDEFINED SYMBOLS
xQueueGenericSendFromISR
xQueueGenericCreate
xQueueGenericSend
xQueueGenericReceive
__do_clear_bss
